#
# There is insufficient memory for the Java Runtime Environment to continue.
# Native memory allocation (malloc) failed to allocate 1303936 bytes. Error detail: Chunk::new
# Possible reasons:
#   The system is out of physical RAM or swap space
#   This process is running with CompressedOops enabled, and the Java Heap may be blocking the growth of the native heap
# Possible solutions:
#   Reduce memory load on the system
#   Increase physical memory or swap space
#   Check if swap backing store is full
#   Decrease Java heap size (-Xmx/-Xms)
#   Decrease number of Java threads
#   Decrease Java thread stack sizes (-Xss)
#   Set larger code cache with -XX:ReservedCodeCacheSize=
#   JVM is running with Unscaled Compressed Oops mode in which the Java heap is
#     placed in the first 4GB address space. The Java Heap base address is the
#     maximum limit for the native heap growth. Please use -XX:HeapBaseMinAddress
#     to set the Java Heap base and to place the Java Heap above 4GB virtual address.
# This output file may be truncated or incomplete.
#
#  Out of Memory Error (arena.cpp:168), pid=2960, tid=16096
#
# JRE version: OpenJDK Runtime Environment Temurin-21.0.10+7 (21.0.10+7) (build 21.0.10+7-LTS)
# Java VM: OpenJDK 64-Bit Server VM Temurin-21.0.10+7 (21.0.10+7-LTS, mixed mode, sharing, tiered, compressed oops, compressed class ptrs, parallel gc, windows-amd64)
# No core dump will be written. Minidumps are not enabled by default on client versions of Windows
#

---------------  S U M M A R Y ------------

Command Line: --add-modules=ALL-SYSTEM --add-opens=java.base/java.util=ALL-UNNAMED --add-opens=java.base/java.lang=ALL-UNNAMED --add-opens=java.base/sun.nio.fs=ALL-UNNAMED -Declipse.application=org.eclipse.jdt.ls.core.id1 -Dosgi.bundles.defaultStartLevel=4 -Declipse.product=org.eclipse.jdt.ls.core.product -Djava.import.generatesMetadataFilesAtProjectRoot=false -DDetectVMInstallationsJob.disabled=true -Dfile.encoding=utf8 -XX:+UseParallelGC -XX:GCTimeRatio=4 -XX:AdaptiveSizePolicyWeight=90 -Dsun.zip.disableMemoryMapping=true -Xmx2G -Xms100m -Xlog:disable -javaagent:c:\Users\ASUS\.vscode\extensions\redhat.java-1.54.0-win32-x64\lombok\lombok-1.18.39-4050.jar -XX:+HeapDumpOnOutOfMemoryError -XX:HeapDumpPath=c:\Users\ASUS\AppData\Roaming\Code\User\workspaceStorage\b27b7e920c87afff53f426e74c5aa323\redhat.java -Daether.dependencyCollector.impl=bf c:\Users\ASUS\.vscode\extensions\redhat.java-1.54.0-win32-x64\server\plugins\org.eclipse.equinox.launcher_1.7.100.v20251111-0406.jar -configuration c:\Users\ASUS\AppData\Roaming\Code\User\globalStorage\redhat.java\1.54.0\config_win -data c:\Users\ASUS\AppData\Roaming\Code\User\workspaceStorage\b27b7e920c87afff53f426e74c5aa323\redhat.java\jdt_ws --pipe=\\.\pipe\lsp-317c01a5f2e56307e2088eea18ded62b-sock

Host: AMD Ryzen 7 7435HS                             , 16 cores, 7G,  Windows 11 , 64 bit Build 26100 (10.0.26100.5074)
Time: Sat May 16 09:32:48 2026 SE Asia Standard Time elapsed time: 242.722111 seconds (0d 0h 4m 2s)

---------------  T H R E A D  ---------------

Current thread (0x0000023bfae67ed0):  JavaThread "C2 CompilerThread1" daemon [_thread_in_native, id=16096, stack(0x000000fe9d100000,0x000000fe9d200000) (1024K)]


Current CompileTask:
C2:242722 21576       4       org.eclipse.jdt.internal.compiler.lookup.LookupEnvironment::getTypeFromTypeSignature (770 bytes)

Stack: [0x000000fe9d100000,0x000000fe9d200000]
Native frames: (J=compiled Java code, j=interpreted, Vv=VM code, C=native code)
V  [jvm.dll+0x6d7a39]
V  [jvm.dll+0x8b4b26]
V  [jvm.dll+0x8b70de]
V  [jvm.dll+0x8b77c3]
V  [jvm.dll+0x284346]
V  [jvm.dll+0xc66ed]
V  [jvm.dll+0xc6c31]
V  [jvm.dll+0x2fb29e]
V  [jvm.dll+0x5fe884]
V  [jvm.dll+0x255b17]
V  [jvm.dll+0x255edd]
V  [jvm.dll+0x24e500]
V  [jvm.dll+0x24ba42]
V  [jvm.dll+0x1cb34e]
V  [jvm.dll+0x25b85d]
V  [jvm.dll+0x259dea]
V  [jvm.dll+0x3f857e]
V  [jvm.dll+0x85f59d]
V  [jvm.dll+0x6d626d]
C  [ucrtbase.dll+0x37b0]
C  [KERNEL32.DLL+0x2e8d7]
C  [ntdll.dll+0x8d9c]


---------------  P R O C E S S  ---------------

Threads class SMR info:
_java_thread_list=0x0000023bce5140a0, length=113, elements={
0x0000023bd9aecf90, 0x0000023bf3f083b0, 0x0000023bdbf3e600, 0x0000023bf3f0aeb0,
0x0000023bf3f2be40, 0x0000023bf3f31ed0, 0x0000023bf3f34630, 0x0000023bf3f47020,
0x0000023bf3f49550, 0x0000023bf3f32560, 0x0000023bf3f33280, 0x0000023bf3f33910,
0x0000023bf3f33fa0, 0x0000023bf3f311b0, 0x0000023bf3f31840, 0x0000023bf3f32bf0,
0x0000023bfa7b4070, 0x0000023bfa7b3350, 0x0000023bfa7b2cc0, 0x0000023bfa7b39e0,
0x0000023bfa7b4d90, 0x0000023bfa7b4700, 0x0000023bfa7b1fa0, 0x0000023bfa7b5ab0,
0x0000023bfa7b2630, 0x0000023bfa7b6e60, 0x0000023bfa7b88a0, 0x0000023bfa7b74f0,
0x0000023bfa7b7b80, 0x0000023bfa7b8f30, 0x0000023bfa7b6140, 0x0000023bfa7b8210,
0x0000023bfa7b67d0, 0x0000023bfa8a2a30, 0x0000023bfa8a5820, 0x0000023bfa8a5190,
0x0000023bfa8a23a0, 0x0000023bfa8a6540, 0x0000023bfa8a30c0, 0x0000023bfa8a5eb0,
0x0000023bfa8a4b00, 0x0000023bfa8a6bd0, 0x0000023bfa8a4470, 0x0000023bfa8a3750,
0x0000023bfa8a3de0, 0x0000023bfa8a8610, 0x0000023bfa8a8ca0, 0x0000023bfa8a7260,
0x0000023bfa8a78f0, 0x0000023bfa8a9330, 0x0000023bfa8a99c0, 0x0000023bfa8a7f80,
0x0000023bfbcdd030, 0x0000023bfbcdb5f0, 0x0000023bfbcdf100, 0x0000023bfbcdea70,
0x0000023bfbcde3e0, 0x0000023bfbcdd6c0, 0x0000023bfbcddd50, 0x0000023bfbcdbc80,
0x0000023bfbcdc9a0, 0x0000023bfbcdf790, 0x0000023bfbce04b0, 0x0000023bfbce1860,
0x0000023bfbce1ef0, 0x0000023bfbce2580, 0x0000023bfbce2c10, 0x0000023bfdbfeea0,
0x0000023bfdbff530, 0x0000023bfdc00f70, 0x0000023bfdc01600, 0x0000023bfdc00250,
0x0000023bfdbffbc0, 0x0000023bfdc029b0, 0x0000023bfdc03040, 0x0000023bfdc036d0,
0x0000023bfdc03d60, 0x0000023bfdc008e0, 0x0000023bfdc02320, 0x0000023bfdc043f0,
0x0000023bfdc057a0, 0x0000023bfdc04a80, 0x0000023bfdc05110, 0x0000023bfdc05e30,
0x0000023bfdc064c0, 0x0000023bfd8dbbd0, 0x0000023bfd8d8750, 0x0000023bfd8da190,
0x0000023bfd8d9b00, 0x0000023bfd8da820, 0x0000023bfd8daeb0, 0x0000023bfd8d8de0,
0x0000023bfd8db540, 0x0000023bfd8dc8f0, 0x0000023bfd8d9470, 0x0000023bfd8de9c0,
0x0000023bfd8ddca0, 0x0000023bfd8df050, 0x0000023bfd8dcf80, 0x0000023bfd8de330,
0x0000023bfd8df6e0, 0x0000023bfd8dfd70, 0x0000023bfd8dd610, 0x0000023bfdf665f0,
0x0000023bfdf65240, 0x0000023bfdf68030, 0x0000023bfdf68d50, 0x0000023bfdf693e0,
0x0000023bfdf69a70, 0x0000023bfdf6b4b0, 0x0000023bfd6674a0, 0x0000023bfc29fe90,
0x0000023bfae67ed0
}

Java Threads: ( => current thread )
  0x0000023bd9aecf90 JavaThread "main"                              [_thread_blocked, id=33388, stack(0x000000fe9a700000,0x000000fe9a800000) (1024K)]
  0x0000023bf3f083b0 JavaThread "Reference Handler"          daemon [_thread_blocked, id=35536, stack(0x000000fe9ab00000,0x000000fe9ac00000) (1024K)]
  0x0000023bdbf3e600 JavaThread "Finalizer"                  daemon [_thread_blocked, id=4828, stack(0x000000fe9ac00000,0x000000fe9ad00000) (1024K)]
  0x0000023bf3f0aeb0 JavaThread "Signal Dispatcher"          daemon [_thread_blocked, id=27448, stack(0x000000fe9ad00000,0x000000fe9ae00000) (1024K)]
  0x0000023bf3f2be40 JavaThread "Attach Listener"            daemon [_thread_blocked, id=30728, stack(0x000000fe9ae00000,0x000000fe9af00000) (1024K)]
  0x0000023bf3f31ed0 JavaThread "Service Thread"             daemon [_thread_blocked, id=34488, stack(0x000000fe9af00000,0x000000fe9b000000) (1024K)]
  0x0000023bf3f34630 JavaThread "Monitor Deflation Thread"   daemon [_thread_blocked, id=35176, stack(0x000000fe9b000000,0x000000fe9b100000) (1024K)]
  0x0000023bf3f47020 JavaThread "C2 CompilerThread0"         daemon [_thread_in_native, id=33040, stack(0x000000fe9b100000,0x000000fe9b200000) (1024K)]
  0x0000023bf3f49550 JavaThread "C1 CompilerThread0"         daemon [_thread_blocked, id=32900, stack(0x000000fe9b200000,0x000000fe9b300000) (1024K)]
  0x0000023bf3f32560 JavaThread "Common-Cleaner"             daemon [_thread_blocked, id=35004, stack(0x000000fe9b300000,0x000000fe9b400000) (1024K)]
  0x0000023bf3f33280 JavaThread "Notification Thread"        daemon [_thread_blocked, id=37492, stack(0x000000fe9b400000,0x000000fe9b500000) (1024K)]
  0x0000023bf3f33910 JavaThread "Active Thread: Equinox Container: a71c25c0-2db4-4f1d-b6ac-081d6fc3de0d"        [_thread_blocked, id=34236, stack(0x000000fe9bc00000,0x000000fe9bd00000) (1024K)]
  0x0000023bf3f33fa0 JavaThread "Refresh Thread: Equinox Container: a71c25c0-2db4-4f1d-b6ac-081d6fc3de0d" daemon [_thread_blocked, id=1524, stack(0x000000fe9be00000,0x000000fe9bf00000) (1024K)]
  0x0000023bf3f311b0 JavaThread "Framework Event Dispatcher: Equinox Container: a71c25c0-2db4-4f1d-b6ac-081d6fc3de0d" daemon [_thread_blocked, id=32468, stack(0x000000fe9bf00000,0x000000fe9c000000) (1024K)]
  0x0000023bf3f31840 JavaThread "Start Level: Equinox Container: a71c25c0-2db4-4f1d-b6ac-081d6fc3de0d" daemon [_thread_blocked, id=38280, stack(0x000000fe9c000000,0x000000fe9c100000) (1024K)]
  0x0000023bf3f32bf0 JavaThread "Bundle File Closer"         daemon [_thread_blocked, id=34128, stack(0x000000fe9c400000,0x000000fe9c500000) (1024K)]
  0x0000023bfa7b4070 JavaThread "SCR Component Actor"        daemon [_thread_blocked, id=9796, stack(0x000000fe9c500000,0x000000fe9c600000) (1024K)]
  0x0000023bfa7b3350 JavaThread "Worker-JM"                         [_thread_blocked, id=30460, stack(0x000000fe9c600000,0x000000fe9c700000) (1024K)]
  0x0000023bfa7b2cc0 JavaThread "JNA Cleaner"                daemon [_thread_blocked, id=32640, stack(0x000000fe9c900000,0x000000fe9ca00000) (1024K)]
  0x0000023bfa7b39e0 JavaThread "Worker-0: Publish Diagnostics"        [_thread_in_Java, id=30244, stack(0x000000fe9b500000,0x000000fe9b600000) (1024K)]
  0x0000023bfa7b4d90 JavaThread "Worker-1"                          [_thread_blocked, id=38532, stack(0x000000fe9cb00000,0x000000fe9cc00000) (1024K)]
  0x0000023bfa7b4700 JavaThread "Worker-2"                          [_thread_blocked, id=25576, stack(0x000000fe9cc00000,0x000000fe9cd00000) (1024K)]
  0x0000023bfa7b1fa0 JavaThread "Java indexing"              daemon [_thread_blocked, id=33128, stack(0x000000fe9ce00000,0x000000fe9cf00000) (1024K)]
  0x0000023bfa7b5ab0 JavaThread "Worker-3"                          [_thread_blocked, id=33500, stack(0x000000fe9cf00000,0x000000fe9d000000) (1024K)]
  0x0000023bfa7b2630 JavaThread "Worker-4"                          [_thread_blocked, id=22368, stack(0x000000fe9d300000,0x000000fe9d400000) (1024K)]
  0x0000023bfa7b6e60 JavaThread "Worker-5"                          [_thread_blocked, id=5036, stack(0x000000fe9d400000,0x000000fe9d500000) (1024K)]
  0x0000023bfa7b88a0 JavaThread "Worker-6"                          [_thread_blocked, id=19688, stack(0x000000fe9d500000,0x000000fe9d600000) (1024K)]
  0x0000023bfa7b74f0 JavaThread "Thread-1"                   daemon [_thread_in_native, id=17392, stack(0x000000fe9d600000,0x000000fe9d700000) (1024K)]
  0x0000023bfa7b7b80 JavaThread "Thread-2"                   daemon [_thread_in_native, id=35132, stack(0x000000fe9d700000,0x000000fe9d800000) (1024K)]
  0x0000023bfa7b8f30 JavaThread "Thread-3"                   daemon [_thread_in_native, id=33380, stack(0x000000fe9d800000,0x000000fe9d900000) (1024K)]
  0x0000023bfa7b6140 JavaThread "Thread-4"                   daemon [_thread_in_native, id=30668, stack(0x000000fe9d900000,0x000000fe9da00000) (1024K)]
  0x0000023bfa7b8210 JavaThread "Thread-5"                   daemon [_thread_in_native, id=38396, stack(0x000000fe9da00000,0x000000fe9db00000) (1024K)]
  0x0000023bfa7b67d0 JavaThread "Thread-6"                   daemon [_thread_in_native, id=8460, stack(0x000000fe9db00000,0x000000fe9dc00000) (1024K)]
  0x0000023bfa8a2a30 JavaThread "Thread-7"                   daemon [_thread_in_native, id=9340, stack(0x000000fe9dc00000,0x000000fe9dd00000) (1024K)]
  0x0000023bfa8a5820 JavaThread "Thread-8"                   daemon [_thread_in_native, id=34048, stack(0x000000fe9dd00000,0x000000fe9de00000) (1024K)]
  0x0000023bfa8a5190 JavaThread "Thread-9"                   daemon [_thread_in_native, id=34912, stack(0x000000fe9de00000,0x000000fe9df00000) (1024K)]
  0x0000023bfa8a23a0 JavaThread "Thread-10"                  daemon [_thread_in_native, id=30268, stack(0x000000fe9df00000,0x000000fe9e000000) (1024K)]
  0x0000023bfa8a6540 JavaThread "Thread-11"                  daemon [_thread_in_native, id=30996, stack(0x000000fe9e000000,0x000000fe9e100000) (1024K)]
  0x0000023bfa8a30c0 JavaThread "Thread-12"                  daemon [_thread_in_native, id=31728, stack(0x000000fe9e100000,0x000000fe9e200000) (1024K)]
  0x0000023bfa8a5eb0 JavaThread "Thread-13"                  daemon [_thread_in_native, id=34908, stack(0x000000fe9e200000,0x000000fe9e300000) (1024K)]
  0x0000023bfa8a4b00 JavaThread "Thread-14"                  daemon [_thread_in_native, id=32080, stack(0x000000fe9e300000,0x000000fe9e400000) (1024K)]
  0x0000023bfa8a6bd0 JavaThread "Thread-15"                  daemon [_thread_in_native, id=29116, stack(0x000000fe9e400000,0x000000fe9e500000) (1024K)]
  0x0000023bfa8a4470 JavaThread "Thread-16"                  daemon [_thread_in_native, id=22676, stack(0x000000fe9e500000,0x000000fe9e600000) (1024K)]
  0x0000023bfa8a3750 JavaThread "Thread-17"                  daemon [_thread_in_native, id=34328, stack(0x000000fe9e600000,0x000000fe9e700000) (1024K)]
  0x0000023bfa8a3de0 JavaThread "pool-2-thread-1"                   [_thread_blocked, id=28196, stack(0x000000fe9e700000,0x000000fe9e800000) (1024K)]
  0x0000023bfa8a8610 JavaThread "WorkspaceEventsHandler"            [_thread_blocked, id=30612, stack(0x000000fe9ea00000,0x000000fe9eb00000) (1024K)]
  0x0000023bfa8a8ca0 JavaThread "pool-1-thread-1"                   [_thread_in_vm, id=35028, stack(0x000000fe9eb00000,0x000000fe9ec00000) (1024K)]
  0x0000023bfa8a7260 JavaThread "ForkJoinPool.commonPool-worker-1" daemon [_thread_blocked, id=29712, stack(0x000000fe9ec00000,0x000000fe9ed00000) (1024K)]
  0x0000023bfa8a78f0 JavaThread "ForkJoinPool.commonPool-worker-2" daemon [_thread_blocked, id=12508, stack(0x000000fe9ed00000,0x000000fe9ee00000) (1024K)]
  0x0000023bfa8a9330 JavaThread "ForkJoinPool.commonPool-worker-3" daemon [_thread_blocked, id=37872, stack(0x000000fe9ee00000,0x000000fe9ef00000) (1024K)]
  0x0000023bfa8a99c0 JavaThread "ForkJoinPool.commonPool-worker-4" daemon [_thread_blocked, id=2920, stack(0x000000fe9ef00000,0x000000fe9f000000) (1024K)]
  0x0000023bfa8a7f80 JavaThread "ForkJoinPool.commonPool-worker-5" daemon [_thread_blocked, id=34084, stack(0x000000fe9f000000,0x000000fe9f100000) (1024K)]
  0x0000023bfbcdd030 JavaThread "ForkJoinPool.commonPool-worker-6" daemon [_thread_blocked, id=22448, stack(0x000000fe9f100000,0x000000fe9f200000) (1024K)]
  0x0000023bfbcdb5f0 JavaThread "ForkJoinPool.commonPool-worker-7" daemon [_thread_blocked, id=36564, stack(0x000000fe9f200000,0x000000fe9f300000) (1024K)]
  0x0000023bfbcdf100 JavaThread "ForkJoinPool.commonPool-worker-9" daemon [_thread_blocked, id=35104, stack(0x000000fe9f300000,0x000000fe9f400000) (1024K)]
  0x0000023bfbcdea70 JavaThread "ForkJoinPool.commonPool-worker-8" daemon [_thread_blocked, id=13404, stack(0x000000fe9f400000,0x000000fe9f500000) (1024K)]
  0x0000023bfbcde3e0 JavaThread "ForkJoinPool.commonPool-worker-10" daemon [_thread_blocked, id=25588, stack(0x000000fe9f500000,0x000000fe9f600000) (1024K)]
  0x0000023bfbcdd6c0 JavaThread "ForkJoinPool.commonPool-worker-11" daemon [_thread_blocked, id=28364, stack(0x000000fe9f600000,0x000000fe9f700000) (1024K)]
  0x0000023bfbcddd50 JavaThread "ForkJoinPool.commonPool-worker-12" daemon [_thread_blocked, id=29228, stack(0x000000fe9f700000,0x000000fe9f800000) (1024K)]
  0x0000023bfbcdbc80 JavaThread "ForkJoinPool.commonPool-worker-13" daemon [_thread_blocked, id=20992, stack(0x000000fe9f800000,0x000000fe9f900000) (1024K)]
  0x0000023bfbcdc9a0 JavaThread "ForkJoinPool.commonPool-worker-15" daemon [_thread_blocked, id=30516, stack(0x000000fe9f900000,0x000000fe9fa00000) (1024K)]
  0x0000023bfbcdf790 JavaThread "ForkJoinPool.commonPool-worker-14" daemon [_thread_blocked, id=29796, stack(0x000000fe9fa00000,0x000000fe9fb00000) (1024K)]
  0x0000023bfbce04b0 JavaThread "LocalFile Deleter"          daemon [_thread_blocked, id=9248, stack(0x000000fe9fc00000,0x000000fe9fd00000) (1024K)]
  0x0000023bfbce1860 JavaThread "LocalFile Deleter"          daemon [_thread_blocked, id=34476, stack(0x000000fe9fd00000,0x000000fe9fe00000) (1024K)]
  0x0000023bfbce1ef0 JavaThread "LocalFile Deleter"          daemon [_thread_blocked, id=34608, stack(0x000000fe9ff00000,0x000000fea0000000) (1024K)]
  0x0000023bfbce2580 JavaThread "LocalFile Deleter"          daemon [_thread_blocked, id=34620, stack(0x000000fea0000000,0x000000fea0100000) (1024K)]
  0x0000023bfbce2c10 JavaThread "LocalFile Deleter"          daemon [_thread_blocked, id=4524, stack(0x000000fea0100000,0x000000fea0200000) (1024K)]
  0x0000023bfdbfeea0 JavaThread "LocalFile Deleter"          daemon [_thread_blocked, id=19808, stack(0x000000fea0200000,0x000000fea0300000) (1024K)]
  0x0000023bfdbff530 JavaThread "LocalFile Deleter"          daemon [_thread_blocked, id=15968, stack(0x000000fea0300000,0x000000fea0400000) (1024K)]
  0x0000023bfdc00f70 JavaThread "LocalFile Deleter"          daemon [_thread_blocked, id=16844, stack(0x000000fea0400000,0x000000fea0500000) (1024K)]
  0x0000023bfdc01600 JavaThread "LocalFile Deleter"          daemon [_thread_blocked, id=35796, stack(0x000000fea0500000,0x000000fea0600000) (1024K)]
  0x0000023bfdc00250 JavaThread "LocalFile Deleter"          daemon [_thread_blocked, id=34012, stack(0x000000fea0600000,0x000000fea0700000) (1024K)]
  0x0000023bfdbffbc0 JavaThread "LocalFile Deleter"          daemon [_thread_blocked, id=13756, stack(0x000000fea0800000,0x000000fea0900000) (1024K)]
  0x0000023bfdc029b0 JavaThread "LocalFile Deleter"          daemon [_thread_blocked, id=4212, stack(0x000000fea0900000,0x000000fea0a00000) (1024K)]
  0x0000023bfdc03040 JavaThread "LocalFile Deleter"          daemon [_thread_blocked, id=14384, stack(0x000000fea0a00000,0x000000fea0b00000) (1024K)]
  0x0000023bfdc036d0 JavaThread "Compiler Source File Reader" daemon [_thread_blocked, id=2764, stack(0x000000fea0b00000,0x000000fea0c00000) (1024K)]
  0x0000023bfdc03d60 JavaThread "Compiler Source File Reader" daemon [_thread_blocked, id=2572, stack(0x000000fea0c00000,0x000000fea0d00000) (1024K)]
  0x0000023bfdc008e0 JavaThread "Compiler Source File Reader" daemon [_thread_blocked, id=19344, stack(0x000000fea0d00000,0x000000fea0e00000) (1024K)]
  0x0000023bfdc02320 JavaThread "Compiler Source File Reader" daemon [_thread_blocked, id=24864, stack(0x000000fea0e00000,0x000000fea0f00000) (1024K)]
  0x0000023bfdc043f0 JavaThread "Compiler Source File Reader" daemon [_thread_blocked, id=15804, stack(0x000000fea0f00000,0x000000fea1000000) (1024K)]
  0x0000023bfdc057a0 JavaThread "Compiler Source File Reader" daemon [_thread_blocked, id=25176, stack(0x000000fea1000000,0x000000fea1100000) (1024K)]
  0x0000023bfdc04a80 JavaThread "Compiler Source File Reader" daemon [_thread_blocked, id=13292, stack(0x000000fea1100000,0x000000fea1200000) (1024K)]
  0x0000023bfdc05110 JavaThread "Compiler Source File Reader" daemon [_thread_blocked, id=34636, stack(0x000000fea1200000,0x000000fea1300000) (1024K)]
  0x0000023bfdc05e30 JavaThread "Compiler Source File Reader" daemon [_thread_blocked, id=14412, stack(0x000000fea1300000,0x000000fea1400000) (1024K)]
  0x0000023bfdc064c0 JavaThread "Compiler Source File Reader" daemon [_thread_blocked, id=13600, stack(0x000000fea1400000,0x000000fea1500000) (1024K)]
  0x0000023bfd8dbbd0 JavaThread "Compiler Source File Reader" daemon [_thread_blocked, id=13772, stack(0x000000fea1500000,0x000000fea1600000) (1024K)]
  0x0000023bfd8d8750 JavaThread "Compiler Source File Reader" daemon [_thread_blocked, id=15216, stack(0x000000fea1600000,0x000000fea1700000) (1024K)]
  0x0000023bfd8da190 JavaThread "Compiler Source File Reader" daemon [_thread_blocked, id=30944, stack(0x000000fea1700000,0x000000fea1800000) (1024K)]
  0x0000023bfd8d9b00 JavaThread "Compiler Source File Reader" daemon [_thread_blocked, id=35400, stack(0x000000fea1800000,0x000000fea1900000) (1024K)]
  0x0000023bfd8da820 JavaThread "Compiler Class File Writer" daemon [_thread_blocked, id=35172, stack(0x000000fea1a00000,0x000000fea1b00000) (1024K)]
  0x0000023bfd8daeb0 JavaThread "Compiler Class File Writer" daemon [_thread_blocked, id=36228, stack(0x000000fea1b00000,0x000000fea1c00000) (1024K)]
  0x0000023bfd8d8de0 JavaThread "Compiler Class File Writer" daemon [_thread_blocked, id=30716, stack(0x000000fea1c00000,0x000000fea1d00000) (1024K)]
  0x0000023bfd8db540 JavaThread "Compiler Class File Writer" daemon [_thread_blocked, id=19388, stack(0x000000fea1d00000,0x000000fea1e00000) (1024K)]
  0x0000023bfd8dc8f0 JavaThread "Compiler Class File Writer" daemon [_thread_blocked, id=11668, stack(0x000000fea1e00000,0x000000fea1f00000) (1024K)]
  0x0000023bfd8d9470 JavaThread "Compiler Class File Writer" daemon [_thread_blocked, id=31752, stack(0x000000fea1f00000,0x000000fea2000000) (1024K)]
  0x0000023bfd8de9c0 JavaThread "Compiler Class File Writer" daemon [_thread_blocked, id=8760, stack(0x000000fea2000000,0x000000fea2100000) (1024K)]
  0x0000023bfd8ddca0 JavaThread "Compiler Class File Writer" daemon [_thread_blocked, id=10732, stack(0x000000fea2100000,0x000000fea2200000) (1024K)]
  0x0000023bfd8df050 JavaThread "Compiler Class File Writer" daemon [_thread_blocked, id=19012, stack(0x000000fea2200000,0x000000fea2300000) (1024K)]
  0x0000023bfd8dcf80 JavaThread "Compiler Class File Writer" daemon [_thread_blocked, id=34996, stack(0x000000fea2300000,0x000000fea2400000) (1024K)]
  0x0000023bfd8de330 JavaThread "Compiler Class File Writer" daemon [_thread_blocked, id=29224, stack(0x000000fea2400000,0x000000fea2500000) (1024K)]
  0x0000023bfd8df6e0 JavaThread "Compiler Class File Writer" daemon [_thread_blocked, id=32292, stack(0x000000fea2500000,0x000000fea2600000) (1024K)]
  0x0000023bfd8dfd70 JavaThread "Compiler Class File Writer" daemon [_thread_blocked, id=34400, stack(0x000000fea2600000,0x000000fea2700000) (1024K)]
  0x0000023bfd8dd610 JavaThread "Compiler Class File Writer" daemon [_thread_blocked, id=30020, stack(0x000000fea2700000,0x000000fea2800000) (1024K)]
  0x0000023bfdf665f0 JavaThread "Cleaner-0"                  daemon [_thread_blocked, id=21612, stack(0x000000fea1900000,0x000000fea1a00000) (1024K)]
  0x0000023bfdf65240 JavaThread "Worker-7"                          [_thread_blocked, id=36468, stack(0x000000fea2800000,0x000000fea2900000) (1024K)]
  0x0000023bfdf68030 JavaThread "Worker-8"                          [_thread_blocked, id=34248, stack(0x000000fe9a500000,0x000000fe9a600000) (1024K)]
  0x0000023bfdf68d50 JavaThread "Worker-9"                          [_thread_blocked, id=4824, stack(0x000000fe9ca00000,0x000000fe9cb00000) (1024K)]
  0x0000023bfdf693e0 JavaThread "Worker-10"                         [_thread_blocked, id=29036, stack(0x000000fe9a600000,0x000000fe9a700000) (1024K)]
  0x0000023bfdf69a70 JavaThread "Worker-11"                         [_thread_blocked, id=35364, stack(0x000000fe9a400000,0x000000fe9a500000) (1024K)]
  0x0000023bfdf6b4b0 JavaThread "Worker-12"                         [_thread_blocked, id=18944, stack(0x000000fe9cd00000,0x000000fe9ce00000) (1024K)]
  0x0000023bfd6674a0 JavaThread "Worker-13: Initialize workspace"        [_thread_blocked, id=12940, stack(0x000000fe9d200000,0x000000fe9d300000) (1024K)]
  0x0000023bfc29fe90 JavaThread "C1 CompilerThread1"         daemon [_thread_blocked, id=4236, stack(0x000000fe9d000000,0x000000fe9d100000) (1024K)]
=>0x0000023bfae67ed0 JavaThread "C2 CompilerThread1"         daemon [_thread_in_native, id=16096, stack(0x000000fe9d100000,0x000000fe9d200000) (1024K)]
Total: 113

Other Threads:
  0x0000023bdc04e7d0 VMThread "VM Thread"                           [id=4608, stack(0x000000fe9aa00000,0x000000fe9ab00000) (1024K)]
  0x0000023bdbe1ca00 WatcherThread "VM Periodic Task Thread"        [id=32840, stack(0x000000fe9a900000,0x000000fe9aa00000) (1024K)]
  0x0000023bdbfadfe0 WorkerThread "GC Thread#0"                     [id=12564, stack(0x000000fe9a800000,0x000000fe9a900000) (1024K)]
  0x0000023bf58acab0 WorkerThread "GC Thread#1"                     [id=7040, stack(0x000000fe9b600000,0x000000fe9b700000) (1024K)]
  0x0000023bf5835f70 WorkerThread "GC Thread#2"                     [id=4408, stack(0x000000fe9b700000,0x000000fe9b800000) (1024K)]
  0x0000023bf5836320 WorkerThread "GC Thread#3"                     [id=11116, stack(0x000000fe9b800000,0x000000fe9b900000) (1024K)]
  0x0000023bf57c65d0 WorkerThread "GC Thread#4"                     [id=38168, stack(0x000000fe9b900000,0x000000fe9ba00000) (1024K)]
  0x0000023bf56fd840 WorkerThread "GC Thread#5"                     [id=14604, stack(0x000000fe9ba00000,0x000000fe9bb00000) (1024K)]
  0x0000023bf56fdbf0 WorkerThread "GC Thread#6"                     [id=30304, stack(0x000000fe9bb00000,0x000000fe9bc00000) (1024K)]
  0x0000023bf56fd0e0 WorkerThread "GC Thread#7"                     [id=34072, stack(0x000000fe9bd00000,0x000000fe9be00000) (1024K)]
  0x0000023bf56fdfa0 WorkerThread "GC Thread#8"                     [id=31480, stack(0x000000fe9c100000,0x000000fe9c200000) (1024K)]
  0x0000023bf56fd490 WorkerThread "GC Thread#9"                     [id=11820, stack(0x000000fe9c200000,0x000000fe9c300000) (1024K)]
  0x0000023bf56fc5d0 WorkerThread "GC Thread#10"                    [id=26896, stack(0x000000fe9c300000,0x000000fe9c400000) (1024K)]
  0x0000023bf56fc980 WorkerThread "GC Thread#11"                    [id=14312, stack(0x000000fe9c700000,0x000000fe9c800000) (1024K)]
  0x0000023bfa323000 WorkerThread "GC Thread#12"                    [id=33656, stack(0x000000fe9c800000,0x000000fe9c900000) (1024K)]
Total: 15

Threads with active compile tasks:
C2 CompilerThread0  242783 21808       4       org.eclipse.jdt.internal.compiler.parser.Parser::consumeToken (2260 bytes)
C2 CompilerThread1  242783 21576       4       org.eclipse.jdt.internal.compiler.lookup.LookupEnvironment::getTypeFromTypeSignature (770 bytes)
Total: 2

VM state: not at safepoint (normal execution)

VM Mutex/Monitor currently owned by a thread: None

Heap address: 0x0000000080000000, size: 2048 MB, Compressed Oops mode: 32-bit

CDS archive(s) mapped at: [0x0000023b80000000-0x0000023b80ba0000-0x0000023b80ba0000), size 12189696, SharedBaseAddress: 0x0000023b80000000, ArchiveRelocationMode: 1.
Compressed class space mapped at: 0x0000023b81000000-0x0000023bc1000000, reserved size: 1073741824
Narrow klass base: 0x0000023b80000000, Narrow klass shift: 0, Narrow klass range: 0x100000000

GC Precious Log:
 CardTable entry size: 512
 CPUs: 16 total, 16 available
 Memory: 8010M
 Large Page Support: Disabled
 NUMA Support: Disabled
 Compressed Oops: Enabled (32-bit)
 Alignments: Space 512K, Generation 512K, Heap 2M
 Heap Min Capacity: 100M
 Heap Initial Capacity: 100M
 Heap Max Capacity: 2G
 Pre-touch: Disabled
 Parallel Workers: 13

Heap:
 PSYoungGen      total 12288K, used 4380K [0x00000000d5580000, 0x00000000d6280000, 0x0000000100000000)
  eden space 11264K, 36% used [0x00000000d5580000,0x00000000d597b0c0,0x00000000d6080000)
  from space 1024K, 29% used [0x00000000d6080000,0x00000000d60cbf48,0x00000000d6180000)
  to   space 512K, 0% used [0x00000000d6200000,0x00000000d6200000,0x00000000d6280000)
 ParOldGen       total 1256960K, used 1256737K [0x0000000080000000, 0x00000000ccb80000, 0x00000000d5580000)
  object space 1256960K, 99% used [0x0000000080000000,0x00000000ccb48750,0x00000000ccb80000)
 Metaspace       used 77845K, committed 79872K, reserved 1179648K
  class space    used 7828K, committed 8768K, reserved 1048576K

Card table byte_map: [0x0000023bdb930000,0x0000023bdbd40000] _byte_map_base: 0x0000023bdb530000

Marking Bits: (ParMarkBitMap*) 0x00007ffcd7cc3450
 Begin Bits: [0x0000023bee440000, 0x0000023bf0440000)
 End Bits:   [0x0000023bf0440000, 0x0000023bf2440000)

Polling page: 0x0000023bd9d40000

Metaspace:

Usage:
  Non-class:     68.38 MB used.
      Class:      7.64 MB used.
       Both:     76.02 MB used.

Virtual space:
  Non-class space:      128.00 MB reserved,      69.44 MB ( 54%) committed,  2 nodes.
      Class space:        1.00 GB reserved,       8.56 MB ( <1%) committed,  1 nodes.
             Both:        1.12 GB reserved,      78.00 MB (  7%) committed. 

Chunk freelists:
   Non-Class:  10.52 MB
       Class:  7.44 MB
        Both:  17.95 MB

MaxMetaspaceSize: unlimited
CompressedClassSpaceSize: 1.00 GB
Initial GC threshold: 21.00 MB
Current GC threshold: 124.50 MB
CDS: on
 - commit_granule_bytes: 65536.
 - commit_granule_words: 8192.
 - virtual_space_node_default_size: 8388608.
 - enlarge_chunks_in_place: 1.
 - use_allocation_guard: 0.


Internal statistics:

num_allocs_failed_limit: 9.
num_arena_births: 2154.
num_arena_deaths: 18.
num_vsnodes_births: 3.
num_vsnodes_deaths: 0.
num_space_committed: 1248.
num_space_uncommitted: 0.
num_chunks_returned_to_freelist: 29.
num_chunks_taken_from_freelist: 6452.
num_chunk_merges: 12.
num_chunk_splits: 3686.
num_chunks_enlarged: 1617.
num_inconsistent_stats: 0.

CodeHeap 'non-profiled nmethods': size=119168Kb used=14970Kb max_used=14970Kb free=104197Kb
 bounds [0x0000023be6d30000, 0x0000023be7bd0000, 0x0000023bee190000]
CodeHeap 'profiled nmethods': size=119104Kb used=45237Kb max_used=45237Kb free=73866Kb
 bounds [0x0000023bdf190000, 0x0000023be1dc0000, 0x0000023be65e0000]
CodeHeap 'non-nmethods': size=7488Kb used=2030Kb max_used=3190Kb free=5457Kb
 bounds [0x0000023be65e0000, 0x0000023be6910000, 0x0000023be6d30000]
CodeCache: size=245760Kb, used=62237Kb, max_used=63397Kb, free=183520Kb
 total_blobs=21180, nmethods=20392, adapters=689, full_count=0
Compilation: enabled, stopped_count=0, restarted_count=0

Compilation events (20 events):
Event: 242.273 Thread 0x0000023bf3f49550 21814       3       org.eclipse.jdt.internal.compiler.SourceElementParser::addUnknownRef (55 bytes)
Event: 242.273 Thread 0x0000023bf3f49550 nmethod 21814 0x0000023be1d94b10 code [0x0000023be1d94d00, 0x0000023be1d95330]
Event: 242.273 Thread 0x0000023bf3f49550 21815       3       org.eclipse.jdt.internal.compiler.parser.Parser::consumeBlockStatement (1 bytes)
Event: 242.273 Thread 0x0000023bf3f49550 nmethod 21815 0x0000023be1d95510 code [0x0000023be1d956a0, 0x0000023be1d957a8]
Event: 242.273 Thread 0x0000023bf3f49550 21816   !   3       org.eclipse.jdt.internal.compiler.parser.Scanner$VanguardParser::parse (323 bytes)
Event: 242.274 Thread 0x0000023bf3f49550 nmethod 21816 0x0000023be1d95810 code [0x0000023be1d95ae0, 0x0000023be1d96988]
Event: 242.274 Thread 0x0000023bf3f49550 21817       3       org.eclipse.jdt.internal.compiler.parser.Parser::consumePostfixExpression (9 bytes)
Event: 242.274 Thread 0x0000023bf3f49550 nmethod 21817 0x0000023be1d97390 code [0x0000023be1d97540, 0x0000023be1d977d8]
Event: 242.274 Thread 0x0000023bf3f49550 21819       3       org.eclipse.jdt.internal.core.CompilationUnitStructureRequestor::acceptImport (196 bytes)
Event: 242.275 Thread 0x0000023bf3f49550 nmethod 21819 0x0000023be1d97890 code [0x0000023be1d97c40, 0x0000023be1d997d8]
Event: 242.275 Thread 0x0000023bf3f49550 21820       3       org.eclipse.jdt.internal.core.CompilationUnitStructureRequestor::createImportDeclaration (11 bytes)
Event: 242.276 Thread 0x0000023bf3f49550 nmethod 21820 0x0000023be1d9a210 code [0x0000023be1d9a3e0, 0x0000023be1d9a710]
Event: 242.276 Thread 0x0000023bf3f49550 21821       3       org.eclipse.jdt.internal.core.ImportDeclaration::<init> (16 bytes)
Event: 242.276 Thread 0x0000023bf3f49550 nmethod 21821 0x0000023be1d9a890 code [0x0000023be1d9aa60, 0x0000023be1d9aea8]
Event: 242.276 Thread 0x0000023bf3f49550 21822       3       org.eclipse.jdt.internal.core.ImportDeclaration::getElementName (22 bytes)
Event: 242.277 Thread 0x0000023bf3f49550 nmethod 21822 0x0000023be1d9b090 code [0x0000023be1d9b380, 0x0000023be1d9c160]
Event: 242.277 Thread 0x0000023bf3f49550 21823       3       org.eclipse.jdt.internal.core.ImportDeclarationElementInfo::<init> (15 bytes)
Event: 242.277 Thread 0x0000023bf3f49550 nmethod 21823 0x0000023be1d9c690 code [0x0000023be1d9c840, 0x0000023be1d9cad0]
Event: 242.277 Thread 0x0000023bf3f49550 21824       1       org.eclipse.jdt.internal.core.SourceFieldElementInfo::setTypeName (6 bytes)
Event: 242.277 Thread 0x0000023bf3f49550 nmethod 21824 0x0000023be7bce090 code [0x0000023be7bce220, 0x0000023be7bce300]

GC Heap History (20 events):
Event: 238.275 GC heap before
{Heap before GC invocations=3102 (full 4):
 PSYoungGen      total 8192K, used 7967K [0x00000000d5580000, 0x00000000d6080000, 0x0000000100000000)
  eden space 7680K, 100% used [0x00000000d5580000,0x00000000d5d00000,0x00000000d5d00000)
  from space 512K, 56% used [0x00000000d5f80000,0x00000000d5fc7eb0,0x00000000d6000000)
  to   space 512K, 0% used [0x00000000d6000000,0x00000000d6000000,0x00000000d6080000)
 ParOldGen       total 1250816K, used 1250657K [0x0000000080000000, 0x00000000cc580000, 0x00000000d5580000)
  object space 1250816K, 99% used [0x0000000080000000,0x00000000cc558430,0x00000000cc580000)
 Metaspace       used 77341K, committed 79360K, reserved 1179648K
  class space    used 7807K, committed 8704K, reserved 1048576K
}
Event: 238.279 GC heap after
{Heap after GC invocations=3102 (full 4):
 PSYoungGen      total 8192K, used 387K [0x00000000d5580000, 0x00000000d6080000, 0x0000000100000000)
  eden space 7680K, 0% used [0x00000000d5580000,0x00000000d5580000,0x00000000d5d00000)
  from space 512K, 75% used [0x00000000d6000000,0x00000000d6060ca8,0x00000000d6080000)
  to   space 512K, 0% used [0x00000000d5f80000,0x00000000d5f80000,0x00000000d6000000)
 ParOldGen       total 1250816K, used 1250689K [0x0000000080000000, 0x00000000cc580000, 0x00000000d5580000)
  object space 1250816K, 99% used [0x0000000080000000,0x00000000cc560430,0x00000000cc580000)
 Metaspace       used 77341K, committed 79360K, reserved 1179648K
  class space    used 7807K, committed 8704K, reserved 1048576K
}
Event: 238.306 GC heap before
{Heap before GC invocations=3103 (full 4):
 PSYoungGen      total 8192K, used 8067K [0x00000000d5580000, 0x00000000d6080000, 0x0000000100000000)
  eden space 7680K, 100% used [0x00000000d5580000,0x00000000d5d00000,0x00000000d5d00000)
  from space 512K, 75% used [0x00000000d6000000,0x00000000d6060ca8,0x00000000d6080000)
  to   space 512K, 0% used [0x00000000d5f80000,0x00000000d5f80000,0x00000000d6000000)
 ParOldGen       total 1250816K, used 1250689K [0x0000000080000000, 0x00000000cc580000, 0x00000000d5580000)
  object space 1250816K, 99% used [0x0000000080000000,0x00000000cc560430,0x00000000cc580000)
 Metaspace       used 77341K, committed 79360K, reserved 1179648K
  class space    used 7807K, committed 8704K, reserved 1048576K
}
Event: 239.309 GC heap after
{Heap after GC invocations=3103 (full 4):
 PSYoungGen      total 9728K, used 507K [0x00000000d5580000, 0x00000000d6680000, 0x0000000100000000)
  eden space 9216K, 0% used [0x00000000d5580000,0x00000000d5580000,0x00000000d5e80000)
  from space 512K, 99% used [0x00000000d5f80000,0x00000000d5ffefc8,0x00000000d6000000)
  to   space 4096K, 0% used [0x00000000d6280000,0x00000000d6280000,0x00000000d6680000)
 ParOldGen       total 1253888K, used 1253541K [0x0000000080000000, 0x00000000cc880000, 0x00000000d5580000)
  object space 1253888K, 99% used [0x0000000080000000,0x00000000cc8295c8,0x00000000cc880000)
 Metaspace       used 77341K, committed 79360K, reserved 1179648K
  class space    used 7807K, committed 8704K, reserved 1048576K
}
Event: 239.338 GC heap before
{Heap before GC invocations=3104 (full 4):
 PSYoungGen      total 9728K, used 9697K [0x00000000d5580000, 0x00000000d6680000, 0x0000000100000000)
  eden space 9216K, 99% used [0x00000000d5580000,0x00000000d5e79630,0x00000000d5e80000)
  from space 512K, 99% used [0x00000000d5f80000,0x00000000d5ffefc8,0x00000000d6000000)
  to   space 4096K, 0% used [0x00000000d6280000,0x00000000d6280000,0x00000000d6680000)
 ParOldGen       total 1253888K, used 1253541K [0x0000000080000000, 0x00000000cc880000, 0x00000000d5580000)
  object space 1253888K, 99% used [0x0000000080000000,0x00000000cc8295c8,0x00000000cc880000)
 Metaspace       used 77345K, committed 79360K, reserved 1179648K
  class space    used 7807K, committed 8704K, reserved 1048576K
}
Event: 239.343 GC heap after
{Heap after GC invocations=3104 (full 4):
 PSYoungGen      total 13312K, used 616K [0x00000000d5580000, 0x00000000d6480000, 0x0000000100000000)
  eden space 11264K, 0% used [0x00000000d5580000,0x00000000d5580000,0x00000000d6080000)
  from space 2048K, 30% used [0x00000000d6280000,0x00000000d631a330,0x00000000d6480000)
  to   space 2048K, 0% used [0x00000000d6080000,0x00000000d6080000,0x00000000d6280000)
 ParOldGen       total 1253888K, used 1253733K [0x0000000080000000, 0x00000000cc880000, 0x00000000d5580000)
  object space 1253888K, 99% used [0x0000000080000000,0x00000000cc8595c8,0x00000000cc880000)
 Metaspace       used 77345K, committed 79360K, reserved 1179648K
  class space    used 7807K, committed 8704K, reserved 1048576K
}
Event: 239.648 GC heap before
{Heap before GC invocations=3105 (full 4):
 PSYoungGen      total 13312K, used 11880K [0x00000000d5580000, 0x00000000d6480000, 0x0000000100000000)
  eden space 11264K, 100% used [0x00000000d5580000,0x00000000d6080000,0x00000000d6080000)
  from space 2048K, 30% used [0x00000000d6280000,0x00000000d631a330,0x00000000d6480000)
  to   space 2048K, 0% used [0x00000000d6080000,0x00000000d6080000,0x00000000d6280000)
 ParOldGen       total 1253888K, used 1253733K [0x0000000080000000, 0x00000000cc880000, 0x00000000d5580000)
  object space 1253888K, 99% used [0x0000000080000000,0x00000000cc8595c8,0x00000000cc880000)
 Metaspace       used 77366K, committed 79360K, reserved 1179648K
  class space    used 7807K, committed 8704K, reserved 1048576K
}
Event: 239.652 GC heap after
{Heap after GC invocations=3105 (full 4):
 PSYoungGen      total 11776K, used 331K [0x00000000d5580000, 0x00000000d6300000, 0x0000000100000000)
  eden space 11264K, 0% used [0x00000000d5580000,0x00000000d5580000,0x00000000d6080000)
  from space 512K, 64% used [0x00000000d6080000,0x00000000d60d2d78,0x00000000d6100000)
  to   space 1024K, 0% used [0x00000000d6200000,0x00000000d6200000,0x00000000d6300000)
 ParOldGen       total 1254400K, used 1254196K [0x0000000080000000, 0x00000000cc900000, 0x00000000d5580000)
  object space 1254400K, 99% used [0x0000000080000000,0x00000000cc8cd1d8,0x00000000cc900000)
 Metaspace       used 77366K, committed 79360K, reserved 1179648K
  class space    used 7807K, committed 8704K, reserved 1048576K
}
Event: 239.904 GC heap before
{Heap before GC invocations=3106 (full 4):
 PSYoungGen      total 11776K, used 11595K [0x00000000d5580000, 0x00000000d6300000, 0x0000000100000000)
  eden space 11264K, 100% used [0x00000000d5580000,0x00000000d6080000,0x00000000d6080000)
  from space 512K, 64% used [0x00000000d6080000,0x00000000d60d2d78,0x00000000d6100000)
  to   space 1024K, 0% used [0x00000000d6200000,0x00000000d6200000,0x00000000d6300000)
 ParOldGen       total 1254400K, used 1254196K [0x0000000080000000, 0x00000000cc900000, 0x00000000d5580000)
  object space 1254400K, 99% used [0x0000000080000000,0x00000000cc8cd1d8,0x00000000cc900000)
 Metaspace       used 77366K, committed 79360K, reserved 1179648K
  class space    used 7807K, committed 8704K, reserved 1048576K
}
Event: 239.908 GC heap after
{Heap after GC invocations=3106 (full 4):
 PSYoungGen      total 11776K, used 434K [0x00000000d5580000, 0x00000000d6280000, 0x0000000100000000)
  eden space 11264K, 0% used [0x00000000d5580000,0x00000000d5580000,0x00000000d6080000)
  from space 512K, 84% used [0x00000000d6200000,0x00000000d626cac8,0x00000000d6280000)
  to   space 512K, 0% used [0x00000000d6080000,0x00000000d6080000,0x00000000d6100000)
 ParOldGen       total 1254400K, used 1254284K [0x0000000080000000, 0x00000000cc900000, 0x00000000d5580000)
  object space 1254400K, 99% used [0x0000000080000000,0x00000000cc8e31d8,0x00000000cc900000)
 Metaspace       used 77366K, committed 79360K, reserved 1179648K
  class space    used 7807K, committed 8704K, reserved 1048576K
}
Event: 240.139 GC heap before
{Heap before GC invocations=3107 (full 4):
 PSYoungGen      total 11776K, used 11696K [0x00000000d5580000, 0x00000000d6280000, 0x0000000100000000)
  eden space 11264K, 99% used [0x00000000d5580000,0x00000000d607f848,0x00000000d6080000)
  from space 512K, 84% used [0x00000000d6200000,0x00000000d626cac8,0x00000000d6280000)
  to   space 512K, 0% used [0x00000000d6080000,0x00000000d6080000,0x00000000d6100000)
 ParOldGen       total 1254400K, used 1254284K [0x0000000080000000, 0x00000000cc900000, 0x00000000d5580000)
  object space 1254400K, 99% used [0x0000000080000000,0x00000000cc8e31d8,0x00000000cc900000)
 Metaspace       used 77479K, committed 79488K, reserved 1179648K
  class space    used 7816K, committed 8704K, reserved 1048576K
}
Event: 240.145 GC heap after
{Heap after GC invocations=3107 (full 4):
 PSYoungGen      total 11776K, used 494K [0x00000000d5580000, 0x00000000d6280000, 0x0000000100000000)
  eden space 11264K, 0% used [0x00000000d5580000,0x00000000d5580000,0x00000000d6080000)
  from space 512K, 96% used [0x00000000d6080000,0x00000000d60fba30,0x00000000d6100000)
  to   space 1024K, 0% used [0x00000000d6180000,0x00000000d6180000,0x00000000d6280000)
 ParOldGen       total 1254912K, used 1254620K [0x0000000080000000, 0x00000000cc980000, 0x00000000d5580000)
  object space 1254912K, 99% used [0x0000000080000000,0x00000000cc937090,0x00000000cc980000)
 Metaspace       used 77479K, committed 79488K, reserved 1179648K
  class space    used 7816K, committed 8704K, reserved 1048576K
}
Event: 240.592 GC heap before
{Heap before GC invocations=3108 (full 4):
 PSYoungGen      total 11776K, used 11758K [0x00000000d5580000, 0x00000000d6280000, 0x0000000100000000)
  eden space 11264K, 100% used [0x00000000d5580000,0x00000000d6080000,0x00000000d6080000)
  from space 512K, 96% used [0x00000000d6080000,0x00000000d60fba30,0x00000000d6100000)
  to   space 1024K, 0% used [0x00000000d6180000,0x00000000d6180000,0x00000000d6280000)
 ParOldGen       total 1254912K, used 1254620K [0x0000000080000000, 0x00000000cc980000, 0x00000000d5580000)
  object space 1254912K, 99% used [0x0000000080000000,0x00000000cc937090,0x00000000cc980000)
 Metaspace       used 77612K, committed 79552K, reserved 1179648K
  class space    used 7825K, committed 8704K, reserved 1048576K
}
Event: 240.600 GC heap after
{Heap after GC invocations=3108 (full 4):
 PSYoungGen      total 12288K, used 768K [0x00000000d5580000, 0x00000000d6280000, 0x0000000100000000)
  eden space 11264K, 0% used [0x00000000d5580000,0x00000000d5580000,0x00000000d6080000)
  from space 1024K, 75% used [0x00000000d6180000,0x00000000d6240000,0x00000000d6280000)
  to   space 1024K, 0% used [0x00000000d6080000,0x00000000d6080000,0x00000000d6180000)
 ParOldGen       total 1255424K, used 1254955K [0x0000000080000000, 0x00000000cca00000, 0x00000000d5580000)
  object space 1255424K, 99% used [0x0000000080000000,0x00000000cc98ad00,0x00000000cca00000)
 Metaspace       used 77612K, committed 79552K, reserved 1179648K
  class space    used 7825K, committed 8704K, reserved 1048576K
}
Event: 240.787 GC heap before
{Heap before GC invocations=3109 (full 4):
 PSYoungGen      total 12288K, used 12032K [0x00000000d5580000, 0x00000000d6280000, 0x0000000100000000)
  eden space 11264K, 100% used [0x00000000d5580000,0x00000000d6080000,0x00000000d6080000)
  from space 1024K, 75% used [0x00000000d6180000,0x00000000d6240000,0x00000000d6280000)
  to   space 1024K, 0% used [0x00000000d6080000,0x00000000d6080000,0x00000000d6180000)
 ParOldGen       total 1255424K, used 1254955K [0x0000000080000000, 0x00000000cca00000, 0x00000000d5580000)
  object space 1255424K, 99% used [0x0000000080000000,0x00000000cc98ad00,0x00000000cca00000)
 Metaspace       used 77647K, committed 79552K, reserved 1179648K
  class space    used 7825K, committed 8704K, reserved 1048576K
}
Event: 240.796 GC heap after
{Heap after GC invocations=3109 (full 4):
 PSYoungGen      total 12288K, used 1013K [0x00000000d5580000, 0x00000000d6380000, 0x0000000100000000)
  eden space 11264K, 0% used [0x00000000d5580000,0x00000000d5580000,0x00000000d6080000)
  from space 1024K, 98% used [0x00000000d6080000,0x00000000d617d520,0x00000000d6180000)
  to   space 1536K, 0% used [0x00000000d6200000,0x00000000d6200000,0x00000000d6380000)
 ParOldGen       total 1255936K, used 1255523K [0x0000000080000000, 0x00000000cca80000, 0x00000000d5580000)
  object space 1255936K, 99% used [0x0000000080000000,0x00000000cca18d20,0x00000000cca80000)
 Metaspace       used 77647K, committed 79552K, reserved 1179648K
  class space    used 7825K, committed 8704K, reserved 1048576K
}
Event: 241.411 GC heap before
{Heap before GC invocations=3110 (full 4):
 PSYoungGen      total 12288K, used 12275K [0x00000000d5580000, 0x00000000d6380000, 0x0000000100000000)
  eden space 11264K, 99% used [0x00000000d5580000,0x00000000d607f918,0x00000000d6080000)
  from space 1024K, 98% used [0x00000000d6080000,0x00000000d617d520,0x00000000d6180000)
  to   space 1536K, 0% used [0x00000000d6200000,0x00000000d6200000,0x00000000d6380000)
 ParOldGen       total 1255936K, used 1255523K [0x0000000080000000, 0x00000000cca80000, 0x00000000d5580000)
  object space 1255936K, 99% used [0x0000000080000000,0x00000000cca18d20,0x00000000cca80000)
 Metaspace       used 77790K, committed 79808K, reserved 1179648K
  class space    used 7825K, committed 8704K, reserved 1048576K
}
Event: 241.414 GC heap after
{Heap after GC invocations=3110 (full 4):
 PSYoungGen      total 12288K, used 648K [0x00000000d5580000, 0x00000000d6300000, 0x0000000100000000)
  eden space 11264K, 0% used [0x00000000d5580000,0x00000000d5580000,0x00000000d6080000)
  from space 1024K, 63% used [0x00000000d6200000,0x00000000d62a2398,0x00000000d6300000)
  to   space 1024K, 0% used [0x00000000d6080000,0x00000000d6080000,0x00000000d6180000)
 ParOldGen       total 1256448K, used 1256307K [0x0000000080000000, 0x00000000ccb00000, 0x00000000d5580000)
  object space 1256448K, 99% used [0x0000000080000000,0x00000000ccadcd80,0x00000000ccb00000)
 Metaspace       used 77790K, committed 79808K, reserved 1179648K
  class space    used 7825K, committed 8704K, reserved 1048576K
}
Event: 241.673 GC heap before
{Heap before GC invocations=3111 (full 4):
 PSYoungGen      total 12288K, used 11912K [0x00000000d5580000, 0x00000000d6300000, 0x0000000100000000)
  eden space 11264K, 100% used [0x00000000d5580000,0x00000000d6080000,0x00000000d6080000)
  from space 1024K, 63% used [0x00000000d6200000,0x00000000d62a2398,0x00000000d6300000)
  to   space 1024K, 0% used [0x00000000d6080000,0x00000000d6080000,0x00000000d6180000)
 ParOldGen       total 1256448K, used 1256307K [0x0000000080000000, 0x00000000ccb00000, 0x00000000d5580000)
  object space 1256448K, 99% used [0x0000000080000000,0x00000000ccadcd80,0x00000000ccb00000)
 Metaspace       used 77817K, committed 79808K, reserved 1179648K
  class space    used 7826K, committed 8704K, reserved 1048576K
}
Event: 241.675 GC heap after
{Heap after GC invocations=3111 (full 4):
 PSYoungGen      total 12288K, used 303K [0x00000000d5580000, 0x00000000d6280000, 0x0000000100000000)
  eden space 11264K, 0% used [0x00000000d5580000,0x00000000d5580000,0x00000000d6080000)
  from space 1024K, 29% used [0x00000000d6080000,0x00000000d60cbf48,0x00000000d6180000)
  to   space 512K, 0% used [0x00000000d6200000,0x00000000d6200000,0x00000000d6280000)
 ParOldGen       total 1256960K, used 1256737K [0x0000000080000000, 0x00000000ccb80000, 0x00000000d5580000)
  object space 1256960K, 99% used [0x0000000080000000,0x00000000ccb48750,0x00000000ccb80000)
 Metaspace       used 77817K, committed 79808K, reserved 1179648K
  class space    used 7826K, committed 8704K, reserved 1048576K
}

Dll operation events (10 events):
Event: 0.039 Loaded shared library c:\Users\ASUS\.vscode\extensions\redhat.java-1.54.0-win32-x64\jre\21.0.10-win32-x86_64\bin\java.dll
Event: 0.208 Loaded shared library c:\Users\ASUS\.vscode\extensions\redhat.java-1.54.0-win32-x64\jre\21.0.10-win32-x86_64\bin\zip.dll
Event: 0.264 Loaded shared library C:\Users\ASUS\.vscode\extensions\redhat.java-1.54.0-win32-x64\jre\21.0.10-win32-x86_64\bin\instrument.dll
Event: 0.277 Loaded shared library C:\Users\ASUS\.vscode\extensions\redhat.java-1.54.0-win32-x64\jre\21.0.10-win32-x86_64\bin\net.dll
Event: 0.284 Loaded shared library C:\Users\ASUS\.vscode\extensions\redhat.java-1.54.0-win32-x64\jre\21.0.10-win32-x86_64\bin\nio.dll
Event: 0.294 Loaded shared library C:\Users\ASUS\.vscode\extensions\redhat.java-1.54.0-win32-x64\jre\21.0.10-win32-x86_64\bin\zip.dll
Event: 0.372 Loaded shared library C:\Users\ASUS\.vscode\extensions\redhat.java-1.54.0-win32-x64\jre\21.0.10-win32-x86_64\bin\jimage.dll
Event: 0.657 Loaded shared library c:\Users\ASUS\.vscode\extensions\redhat.java-1.54.0-win32-x64\jre\21.0.10-win32-x86_64\bin\verify.dll
Event: 4.592 Loaded shared library C:\Users\ASUS\AppData\Roaming\Code\User\globalStorage\redhat.java\1.54.0\config_win\org.eclipse.equinox.launcher\org.eclipse.equinox.launcher.win32.win32.x86_64_1.3.0.v20260203-2149\eclipse_11919.dll
Event: 11.717 Loaded shared library C:\Users\ASUS\AppData\Local\Temp\jna-2018896\jna8397183900130449528.dll

Deoptimization events (20 events):
Event: 240.811 Thread 0x0000023bfbcdc9a0 DEOPT PACKING pc=0x0000023be026c81a sp=0x000000fe9f9fd7a0
Event: 240.811 Thread 0x0000023bfbcdc9a0 DEOPT UNPACKING pc=0x0000023be6634242 sp=0x000000fe9f9fcc28 mode 0
Event: 240.835 Thread 0x0000023bfbcdc9a0 Uncommon trap: trap_request=0xffffffe4 fr.pc=0x0000023be7b1aa40 relative=0x00000000000003a0
Event: 240.835 Thread 0x0000023bfbcdc9a0 Uncommon trap: reason=range_check action=make_not_entrant pc=0x0000023be7b1aa40 method=java.util.LinkedHashMap.keysToArray([Ljava/lang/Object;Z)[Ljava/lang/Object; @ 67 c2
Event: 240.835 Thread 0x0000023bfbcdc9a0 DEOPT PACKING pc=0x0000023be7b1aa40 sp=0x000000fe9f9fd130
Event: 240.835 Thread 0x0000023bfbcdc9a0 DEOPT UNPACKING pc=0x0000023be6633aa2 sp=0x000000fe9f9fd048 mode 2
Event: 240.835 Thread 0x0000023bfbcdc9a0 Uncommon trap: trap_request=0xffffffe4 fr.pc=0x0000023be765c140 relative=0x00000000000003a0
Event: 240.835 Thread 0x0000023bfbcdc9a0 Uncommon trap: reason=range_check action=make_not_entrant pc=0x0000023be765c140 method=java.util.LinkedHashMap.keysToArray([Ljava/lang/Object;Z)[Ljava/lang/Object; @ 67 c2
Event: 240.835 Thread 0x0000023bfbcdc9a0 DEOPT PACKING pc=0x0000023be765c140 sp=0x000000fe9f9fcf60
Event: 240.835 Thread 0x0000023bfbcdc9a0 DEOPT UNPACKING pc=0x0000023be6633aa2 sp=0x000000fe9f9fcef8 mode 2
Event: 240.927 Thread 0x0000023bfbcdc9a0 DEOPT PACKING pc=0x0000023be019b4ea sp=0x000000fe9f9fe050
Event: 240.927 Thread 0x0000023bfbcdc9a0 DEOPT UNPACKING pc=0x0000023be6634242 sp=0x000000fe9f9fd4e8 mode 0
Event: 242.266 Thread 0x0000023bfa7b39e0 Uncommon trap: trap_request=0xffffff45 fr.pc=0x0000023be7ba28f0 relative=0x00000000000005b0
Event: 242.266 Thread 0x0000023bfa7b39e0 Uncommon trap: reason=unstable_if action=reinterpret pc=0x0000023be7ba28f0 method=org.eclipse.jdt.internal.compiler.parser.Scanner.getNextToken0()Lorg/eclipse/jdt/internal/compiler/parser/TerminalToken; @ 2872 c2
Event: 242.266 Thread 0x0000023bfa7b39e0 DEOPT PACKING pc=0x0000023be7ba28f0 sp=0x000000fe9b5fea20
Event: 242.266 Thread 0x0000023bfa7b39e0 DEOPT UNPACKING pc=0x0000023be6633aa2 sp=0x000000fe9b5fe960 mode 2
Event: 242.266 Thread 0x0000023bfa7b39e0 Uncommon trap: trap_request=0xffffff45 fr.pc=0x0000023be73a53a4 relative=0x0000000000000084
Event: 242.266 Thread 0x0000023bfa7b39e0 Uncommon trap: reason=unstable_if action=reinterpret pc=0x0000023be73a53a4 method=org.eclipse.jdt.internal.compiler.parser.ScannerHelper.isJavaIdentifierStart(JC)Z @ 4 c2
Event: 242.266 Thread 0x0000023bfa7b39e0 DEOPT PACKING pc=0x0000023be73a53a4 sp=0x000000fe9b5fe950
Event: 242.266 Thread 0x0000023bfa7b39e0 DEOPT UNPACKING pc=0x0000023be6633aa2 sp=0x000000fe9b5fe8e8 mode 2

Classes loaded (20 events):
Event: 38.892 Loading class java/util/Collections$SynchronizedRandomAccessList
Event: 38.893 Loading class java/util/Collections$SynchronizedList
Event: 38.893 Loading class java/util/Collections$SynchronizedList done
Event: 38.893 Loading class java/util/Collections$SynchronizedRandomAccessList done
Event: 38.906 Loading class java/util/concurrent/CompletableFuture$Signaller
Event: 38.907 Loading class java/util/concurrent/CompletableFuture$Signaller done
Event: 39.063 Loading class java/lang/Throwable$WrappedPrintWriter
Event: 39.064 Loading class java/lang/Throwable$PrintStreamOrWriter
Event: 39.064 Loading class java/lang/Throwable$PrintStreamOrWriter done
Event: 39.064 Loading class java/lang/Throwable$WrappedPrintWriter done
Event: 40.782 Loading class java/util/Hashtable$KeySet
Event: 40.782 Loading class java/util/Hashtable$KeySet done
Event: 40.964 Loading class java/lang/UnsupportedClassVersionError
Event: 40.964 Loading class java/lang/UnsupportedClassVersionError done
Event: 42.881 Loading class java/util/HashMap$EntrySpliterator
Event: 42.882 Loading class java/util/HashMap$EntrySpliterator done
Event: 43.802 Loading class jdk/internal/ref/CleanerImpl$InnocuousThreadFactory
Event: 43.803 Loading class jdk/internal/ref/CleanerImpl$InnocuousThreadFactory done
Event: 132.795 Loading class java/nio/channels/CompletionHandler
Event: 132.799 Loading class java/nio/channels/CompletionHandler done

Classes unloaded (9 events):
Event: 13.485 Thread 0x0000023bdc04e7d0 Unloading class 0x0000023b811ad400 'java/lang/invoke/LambdaForm$MH+0x0000023b811ad400'
Event: 13.485 Thread 0x0000023bdc04e7d0 Unloading class 0x0000023b811ad000 'java/lang/invoke/LambdaForm$MH+0x0000023b811ad000'
Event: 13.485 Thread 0x0000023bdc04e7d0 Unloading class 0x0000023b811acc00 'java/lang/invoke/LambdaForm$MH+0x0000023b811acc00'
Event: 13.485 Thread 0x0000023bdc04e7d0 Unloading class 0x0000023b811ac800 'java/lang/invoke/LambdaForm$MH+0x0000023b811ac800'
Event: 13.485 Thread 0x0000023bdc04e7d0 Unloading class 0x0000023b811ac400 'java/lang/invoke/LambdaForm$BMH+0x0000023b811ac400'
Event: 13.485 Thread 0x0000023bdc04e7d0 Unloading class 0x0000023b811ac000 'java/lang/invoke/LambdaForm$DMH+0x0000023b811ac000'
Event: 13.485 Thread 0x0000023bdc04e7d0 Unloading class 0x0000023b811aac00 'java/lang/invoke/LambdaForm$DMH+0x0000023b811aac00'
Event: 25.464 Thread 0x0000023bdc04e7d0 Unloading class 0x0000023b8169a400 'java/lang/invoke/LambdaForm$DMH+0x0000023b8169a400'
Event: 86.615 Thread 0x0000023bdc04e7d0 Unloading class 0x0000023b81731800 'java/lang/invoke/LambdaForm$DMH+0x0000023b81731800'

Classes redefined (0 events):
No events

Internal exceptions (20 events):
Event: 237.039 Thread 0x0000023bfdf69a70 Exception <a 'sun/nio/fs/WindowsException'{0x00000000d5a0cc08}> (0x00000000d5a0cc08) 
thrown [s\src\hotspot\share\prims\jni.cpp, line 520]
Event: 237.039 Thread 0x0000023bfdf69a70 Exception <a 'sun/nio/fs/WindowsException'{0x00000000d5a0d3d8}> (0x00000000d5a0d3d8) 
thrown [s\src\hotspot\share\prims\jni.cpp, line 520]
Event: 237.043 Thread 0x0000023bfdf69a70 Exception <a 'sun/nio/fs/WindowsException'{0x00000000d5a4f808}> (0x00000000d5a4f808) 
thrown [s\src\hotspot\share\prims\jni.cpp, line 520]
Event: 237.043 Thread 0x0000023bfdf69a70 Exception <a 'sun/nio/fs/WindowsException'{0x00000000d5a502b0}> (0x00000000d5a502b0) 
thrown [s\src\hotspot\share\prims\jni.cpp, line 520]
Event: 237.610 Thread 0x0000023bfdf65240 Exception <a 'sun/nio/fs/WindowsException'{0x00000000d574f290}> (0x00000000d574f290) 
thrown [s\src\hotspot\share\prims\jni.cpp, line 520]
Event: 237.610 Thread 0x0000023bfdf65240 Exception <a 'sun/nio/fs/WindowsException'{0x00000000d57a6a00}> (0x00000000d57a6a00) 
thrown [s\src\hotspot\share\prims\jni.cpp, line 520]
Event: 237.610 Thread 0x0000023bfdf65240 Exception <a 'sun/nio/fs/WindowsException'{0x00000000d57b0510}> (0x00000000d57b0510) 
thrown [s\src\hotspot\share\prims\jni.cpp, line 520]
Event: 237.610 Thread 0x0000023bfdf65240 Exception <a 'sun/nio/fs/WindowsException'{0x00000000d57cb998}> (0x00000000d57cb998) 
thrown [s\src\hotspot\share\prims\jni.cpp, line 520]
Event: 237.611 Thread 0x0000023bfdf65240 Exception <a 'sun/nio/fs/WindowsException'{0x00000000d580c0a0}> (0x00000000d580c0a0) 
thrown [s\src\hotspot\share\prims\jni.cpp, line 520]
Event: 237.611 Thread 0x0000023bfdf65240 Exception <a 'sun/nio/fs/WindowsException'{0x00000000d580c888}> (0x00000000d580c888) 
thrown [s\src\hotspot\share\prims\jni.cpp, line 520]
Event: 237.615 Thread 0x0000023bfdf65240 Exception <a 'sun/nio/fs/WindowsException'{0x00000000d59082c0}> (0x00000000d59082c0) 
thrown [s\src\hotspot\share\prims\jni.cpp, line 520]
Event: 237.615 Thread 0x0000023bfdf65240 Exception <a 'sun/nio/fs/WindowsException'{0x00000000d5908d30}> (0x00000000d5908d30) 
thrown [s\src\hotspot\share\prims\jni.cpp, line 520]
Event: 238.293 Thread 0x0000023bfa7b4d90 Exception <a 'sun/nio/fs/WindowsException'{0x00000000d56ec940}> (0x00000000d56ec940) 
thrown [s\src\hotspot\share\prims\jni.cpp, line 520]
Event: 238.293 Thread 0x0000023bfa7b4d90 Exception <a 'sun/nio/fs/WindowsException'{0x00000000d5700a28}> (0x00000000d5700a28) 
thrown [s\src\hotspot\share\prims\jni.cpp, line 520]
Event: 238.293 Thread 0x0000023bfa7b4d90 Exception <a 'sun/nio/fs/WindowsException'{0x00000000d570e188}> (0x00000000d570e188) 
thrown [s\src\hotspot\share\prims\jni.cpp, line 520]
Event: 238.294 Thread 0x0000023bfa7b4d90 Exception <a 'sun/nio/fs/WindowsException'{0x00000000d572b860}> (0x00000000d572b860) 
thrown [s\src\hotspot\share\prims\jni.cpp, line 520]
Event: 238.294 Thread 0x0000023bfa7b4d90 Exception <a 'sun/nio/fs/WindowsException'{0x00000000d5769d78}> (0x00000000d5769d78) 
thrown [s\src\hotspot\share\prims\jni.cpp, line 520]
Event: 238.294 Thread 0x0000023bfa7b4d90 Exception <a 'sun/nio/fs/WindowsException'{0x00000000d576b008}> (0x00000000d576b008) 
thrown [s\src\hotspot\share\prims\jni.cpp, line 520]
Event: 238.298 Thread 0x0000023bfa7b4d90 Exception <a 'sun/nio/fs/WindowsException'{0x00000000d58ac668}> (0x00000000d58ac668) 
thrown [s\src\hotspot\share\prims\jni.cpp, line 520]
Event: 238.298 Thread 0x0000023bfa7b4d90 Exception <a 'sun/nio/fs/WindowsException'{0x00000000d58c3c10}> (0x00000000d58c3c10) 
thrown [s\src\hotspot\share\prims\jni.cpp, line 520]

ZGC Phase Switch (0 events):
No events

VM Operations (20 events):
Event: 239.648 Executing safepoint VM operation: ParallelGCFailedAllocation (Allocation Failure)
Event: 239.652 Executing safepoint VM operation: ParallelGCFailedAllocation (Allocation Failure) done
Event: 239.904 Executing safepoint VM operation: ParallelGCFailedAllocation (Allocation Failure)
Event: 239.908 Executing safepoint VM operation: ParallelGCFailedAllocation (Allocation Failure) done
Event: 240.138 Executing safepoint VM operation: ParallelGCFailedAllocation (Allocation Failure)
Event: 240.145 Executing safepoint VM operation: ParallelGCFailedAllocation (Allocation Failure) done
Event: 240.179 Executing non-safepoint VM operation: HandshakeAllThreads (Deoptimize)
Event: 240.180 Executing non-safepoint VM operation: HandshakeAllThreads (Deoptimize) done
Event: 240.494 Executing non-safepoint VM operation: HandshakeAllThreads (HandshakeForDeflation)
Event: 240.497 Executing non-safepoint VM operation: HandshakeAllThreads (HandshakeForDeflation) done
Event: 240.497 Executing non-safepoint VM operation: RendezvousGCThreads
Event: 240.497 Executing non-safepoint VM operation: RendezvousGCThreads done
Event: 240.591 Executing safepoint VM operation: ParallelGCFailedAllocation (Allocation Failure)
Event: 240.600 Executing safepoint VM operation: ParallelGCFailedAllocation (Allocation Failure) done
Event: 240.787 Executing safepoint VM operation: ParallelGCFailedAllocation (Allocation Failure)
Event: 240.796 Executing safepoint VM operation: ParallelGCFailedAllocation (Allocation Failure) done
Event: 241.411 Executing safepoint VM operation: ParallelGCFailedAllocation (Allocation Failure)
Event: 241.414 Executing safepoint VM operation: ParallelGCFailedAllocation (Allocation Failure) done
Event: 241.673 Executing safepoint VM operation: ParallelGCFailedAllocation (Allocation Failure)
Event: 241.675 Executing safepoint VM operation: ParallelGCFailedAllocation (Allocation Failure) done

Memory protections (0 events):
No events

Nmethod flushes (20 events):
Event: 86.813 Thread 0x0000023bdc04e7d0 flushing  nmethod 0x0000023be01e7690
Event: 86.813 Thread 0x0000023bdc04e7d0 flushing  nmethod 0x0000023be01e7b10
Event: 86.813 Thread 0x0000023bdc04e7d0 flushing  nmethod 0x0000023be01e9690
Event: 86.813 Thread 0x0000023bdc04e7d0 flushing  nmethod 0x0000023be01e9c90
Event: 86.813 Thread 0x0000023bdc04e7d0 flushing  nmethod 0x0000023be01ea710
Event: 86.813 Thread 0x0000023bdc04e7d0 flushing  nmethod 0x0000023be01ed390
Event: 86.813 Thread 0x0000023bdc04e7d0 flushing  nmethod 0x0000023be01f0490
Event: 86.813 Thread 0x0000023bdc04e7d0 flushing  nmethod 0x0000023be01f0e10
Event: 86.813 Thread 0x0000023bdc04e7d0 flushing  nmethod 0x0000023be01f7190
Event: 86.813 Thread 0x0000023bdc04e7d0 flushing  nmethod 0x0000023be01f7f90
Event: 86.813 Thread 0x0000023bdc04e7d0 flushing  nmethod 0x0000023be01fba90
Event: 86.813 Thread 0x0000023bdc04e7d0 flushing  nmethod 0x0000023be01fda10
Event: 86.813 Thread 0x0000023bdc04e7d0 flushing  nmethod 0x0000023be0205f90
Event: 86.813 Thread 0x0000023bdc04e7d0 flushing  nmethod 0x0000023be0210490
Event: 86.813 Thread 0x0000023bdc04e7d0 flushing  nmethod 0x0000023be0216c90
Event: 86.813 Thread 0x0000023bdc04e7d0 flushing osr nmethod 0x0000023be0220990
Event: 86.813 Thread 0x0000023bdc04e7d0 flushing  nmethod 0x0000023be022a690
Event: 86.813 Thread 0x0000023bdc04e7d0 flushing  nmethod 0x0000023be022ab10
Event: 86.813 Thread 0x0000023bdc04e7d0 flushing  nmethod 0x0000023be0230f90
Event: 86.813 Thread 0x0000023bdc04e7d0 flushing  nmethod 0x0000023be0233810

Events (20 events):
Event: 231.420 Thread 0x0000023bfdf693e0 Thread added: 0x0000023bfd66a920
Event: 231.532 Thread 0x0000023bfd66a920 Thread exited: 0x0000023bfd66a920
Event: 231.882 Thread 0x0000023bfdf693e0 Thread added: 0x0000023bfd669c00
Event: 231.964 Thread 0x0000023bfd669c00 Thread exited: 0x0000023bfd669c00
Event: 234.303 Thread 0x0000023bfdf68030 Thread added: 0x0000023bfd668850
Event: 234.385 Thread 0x0000023bfd668850 Thread exited: 0x0000023bfd668850
Event: 234.605 Thread 0x0000023bfa7b5ab0 Thread added: 0x0000023bfd669570
Event: 234.649 Thread 0x0000023bf3f49550 Thread added: 0x0000023bfc29fe90
Event: 234.660 Thread 0x0000023bfc29fe90 Thread added: 0x0000023bfd789430
Event: 234.730 Thread 0x0000023bfd669570 Thread exited: 0x0000023bfd669570
Event: 236.180 Thread 0x0000023bfd789430 Thread exited: 0x0000023bfd789430
Event: 236.180 Thread 0x0000023bfc29fe90 Thread exited: 0x0000023bfc29fe90
Event: 236.340 Thread 0x0000023bf3f49550 Thread added: 0x0000023bfc29fe90
Event: 236.829 Thread 0x0000023bfa7b4700 Thread added: 0x0000023bfd669570
Event: 237.032 Thread 0x0000023bfd669570 Thread exited: 0x0000023bfd669570
Event: 237.254 Thread 0x0000023bfc29fe90 Thread exited: 0x0000023bfc29fe90
Event: 237.626 Thread 0x0000023bf3f49550 Thread added: 0x0000023bfc29fe90
Event: 239.327 Thread 0x0000023bfc29fe90 Thread exited: 0x0000023bfc29fe90
Event: 240.126 Thread 0x0000023bf3f47020 Thread added: 0x0000023bfc29fe90
Event: 240.189 Thread 0x0000023bfc29fe90 Thread added: 0x0000023bfae67ed0


Dynamic libraries:
0x00007ff723900000 - 0x00007ff72390e000 	c:\Users\ASUS\.vscode\extensions\redhat.java-1.54.0-win32-x64\jre\21.0.10-win32-x86_64\bin\java.exe
0x00007ffdb5b60000 - 0x00007ffdb5dc9000 	C:\WINDOWS\SYSTEM32\ntdll.dll
0x00007ffdb4980000 - 0x00007ffdb4a49000 	C:\WINDOWS\System32\KERNEL32.DLL
0x00007ffdb2f30000 - 0x00007ffdb3323000 	C:\WINDOWS\System32\KERNELBASE.dll
0x00007ffdb37b0000 - 0x00007ffdb38fb000 	C:\WINDOWS\System32\ucrtbase.dll
0x00007ffd5ed00000 - 0x00007ffd5ed18000 	c:\Users\ASUS\.vscode\extensions\redhat.java-1.54.0-win32-x64\jre\21.0.10-win32-x86_64\bin\jli.dll
0x00007ffdb4c90000 - 0x00007ffdb4e54000 	C:\WINDOWS\System32\USER32.dll
0x00007ffd782e0000 - 0x00007ffd782fe000 	c:\Users\ASUS\.vscode\extensions\redhat.java-1.54.0-win32-x64\jre\21.0.10-win32-x86_64\bin\VCRUNTIME140.dll
0x00007ffdb2cc0000 - 0x00007ffdb2ce7000 	C:\WINDOWS\System32\win32u.dll
0x00007ffdb41f0000 - 0x00007ffdb421b000 	C:\WINDOWS\System32\GDI32.dll
0x00007ffd9a430000 - 0x00007ffd9a6c3000 	C:\WINDOWS\WinSxS\amd64_microsoft.windows.common-controls_6595b64144ccf1df_6.0.26100.5074_none_3e0d6f78e32fd63f\COMCTL32.dll
0x00007ffdb3330000 - 0x00007ffdb345d000 	C:\WINDOWS\System32\gdi32full.dll
0x00007ffdb3500000 - 0x00007ffdb35a3000 	C:\WINDOWS\System32\msvcp_win.dll
0x00007ffdb3900000 - 0x00007ffdb39a9000 	C:\WINDOWS\System32\msvcrt.dll
0x00007ffdb4880000 - 0x00007ffdb48af000 	C:\WINDOWS\System32\IMM32.DLL
0x00007ffd918c0000 - 0x00007ffd918cc000 	c:\Users\ASUS\.vscode\extensions\redhat.java-1.54.0-win32-x64\jre\21.0.10-win32-x86_64\bin\vcruntime140_1.dll
0x00007ffd33e40000 - 0x00007ffd33ecd000 	c:\Users\ASUS\.vscode\extensions\redhat.java-1.54.0-win32-x64\jre\21.0.10-win32-x86_64\bin\msvcp140.dll
0x00007ffcd7000000 - 0x00007ffcd7da1000 	c:\Users\ASUS\.vscode\extensions\redhat.java-1.54.0-win32-x64\jre\21.0.10-win32-x86_64\bin\server\jvm.dll
0x00007ffdb48c0000 - 0x00007ffdb4974000 	C:\WINDOWS\System32\ADVAPI32.dll
0x00007ffdb4520000 - 0x00007ffdb45c6000 	C:\WINDOWS\System32\sechost.dll
0x00007ffdb4220000 - 0x00007ffdb4338000 	C:\WINDOWS\System32\RPCRT4.dll
0x00007ffdb3e70000 - 0x00007ffdb3ee4000 	C:\WINDOWS\System32\WS2_32.dll
0x00007ffdb2b20000 - 0x00007ffdb2b7e000 	C:\WINDOWS\SYSTEM32\POWRPROF.dll
0x00007ffdabf40000 - 0x00007ffdabf4b000 	C:\WINDOWS\SYSTEM32\VERSION.dll
0x00007ffda6210000 - 0x00007ffda6245000 	C:\WINDOWS\SYSTEM32\WINMM.dll
0x00007ffdb2b00000 - 0x00007ffdb2b14000 	C:\WINDOWS\SYSTEM32\UMPDC.dll
0x00007ffdb1a00000 - 0x00007ffdb1a1b000 	C:\WINDOWS\SYSTEM32\kernel.appcore.dll
0x00007ffd8be70000 - 0x00007ffd8be7a000 	c:\Users\ASUS\.vscode\extensions\redhat.java-1.54.0-win32-x64\jre\21.0.10-win32-x86_64\bin\jimage.dll
0x00007ffda48d0000 - 0x00007ffda4b12000 	C:\WINDOWS\SYSTEM32\DBGHELP.DLL
0x00007ffdb4e70000 - 0x00007ffdb51eb000 	C:\WINDOWS\System32\combase.dll
0x00007ffdb4bb0000 - 0x00007ffdb4c87000 	C:\WINDOWS\System32\OLEAUT32.dll
0x00007ffd9c920000 - 0x00007ffd9c95d000 	C:\WINDOWS\SYSTEM32\dbgcore.DLL
0x00007ffdb3460000 - 0x00007ffdb34f9000 	C:\WINDOWS\System32\bcryptPrimitives.dll
0x00007ffdadff0000 - 0x00007ffdadfff000 	c:\Users\ASUS\.vscode\extensions\redhat.java-1.54.0-win32-x64\jre\21.0.10-win32-x86_64\bin\instrument.dll
0x00007ffd577e0000 - 0x00007ffd57800000 	c:\Users\ASUS\.vscode\extensions\redhat.java-1.54.0-win32-x64\jre\21.0.10-win32-x86_64\bin\java.dll
0x00007ffdb52e0000 - 0x00007ffdb5a2d000 	C:\WINDOWS\System32\SHELL32.dll
0x00007ffdb35b0000 - 0x00007ffdb371c000 	C:\WINDOWS\System32\wintypes.dll
0x00007ffdb08d0000 - 0x00007ffdb1129000 	C:\WINDOWS\SYSTEM32\windows.storage.dll
0x00007ffdb3f40000 - 0x00007ffdb4030000 	C:\WINDOWS\System32\SHCORE.dll
0x00007ffdb5270000 - 0x00007ffdb52d2000 	C:\WINDOWS\System32\shlwapi.dll
0x00007ffdb2be0000 - 0x00007ffdb2c09000 	C:\WINDOWS\SYSTEM32\profapi.dll
0x00007ffd71980000 - 0x00007ffd71998000 	c:\Users\ASUS\.vscode\extensions\redhat.java-1.54.0-win32-x64\jre\21.0.10-win32-x86_64\bin\zip.dll
0x00007ffd8a230000 - 0x00007ffd8a240000 	C:\Users\ASUS\.vscode\extensions\redhat.java-1.54.0-win32-x64\jre\21.0.10-win32-x86_64\bin\net.dll
0x00007ffdad310000 - 0x00007ffdad42f000 	C:\WINDOWS\SYSTEM32\WINHTTP.dll
0x00007ffdb1fc0000 - 0x00007ffdb202b000 	C:\WINDOWS\system32\mswsock.dll
0x00007ffd5ed50000 - 0x00007ffd5ed66000 	C:\Users\ASUS\.vscode\extensions\redhat.java-1.54.0-win32-x64\jre\21.0.10-win32-x86_64\bin\nio.dll
0x00007ffdadfe0000 - 0x00007ffdadff0000 	c:\Users\ASUS\.vscode\extensions\redhat.java-1.54.0-win32-x64\jre\21.0.10-win32-x86_64\bin\verify.dll
0x00007ffd938f0000 - 0x00007ffd93935000 	C:\Users\ASUS\AppData\Roaming\Code\User\globalStorage\redhat.java\1.54.0\config_win\org.eclipse.equinox.launcher\org.eclipse.equinox.launcher.win32.win32.x86_64_1.3.0.v20260203-2149\eclipse_11919.dll
0x00007ffdb4040000 - 0x00007ffdb41d8000 	C:\WINDOWS\System32\ole32.dll
0x00007ffdb2390000 - 0x00007ffdb23ab000 	C:\WINDOWS\SYSTEM32\CRYPTSP.dll
0x00007ffdb19c0000 - 0x00007ffdb19fb000 	C:\WINDOWS\system32\rsaenh.dll
0x00007ffdb2060000 - 0x00007ffdb208b000 	C:\WINDOWS\SYSTEM32\USERENV.dll
0x00007ffdb2bb0000 - 0x00007ffdb2bd6000 	C:\WINDOWS\SYSTEM32\bcrypt.dll
0x00007ffdb21f0000 - 0x00007ffdb21fc000 	C:\WINDOWS\SYSTEM32\CRYPTBASE.dll
0x00007ffdb14a0000 - 0x00007ffdb14d4000 	C:\WINDOWS\SYSTEM32\IPHLPAPI.DLL
0x00007ffdb47e0000 - 0x00007ffdb47ea000 	C:\WINDOWS\System32\NSI.dll
0x00007ffd938a0000 - 0x00007ffd938e9000 	C:\Users\ASUS\AppData\Local\Temp\jna-2018896\jna8397183900130449528.dll
0x00007ffdb4e60000 - 0x00007ffdb4e68000 	C:\WINDOWS\System32\PSAPI.DLL
0x00007ffdad5f0000 - 0x00007ffdad60e000 	C:\WINDOWS\SYSTEM32\dhcpcsvc6.DLL
0x00007ffdad540000 - 0x00007ffdad563000 	C:\WINDOWS\SYSTEM32\dhcpcsvc.DLL
0x00007ffdb1b80000 - 0x00007ffdb1bb6000 	C:\WINDOWS\SYSTEM32\ntmarta.dll

JVMTI agents:
c:\Users\ASUS\.vscode\extensions\redhat.java-1.54.0-win32-x64\lombok\lombok-1.18.39-4050.jar path:c:\Users\ASUS\.vscode\extensions\redhat.java-1.54.0-win32-x64\jre\21.0.10-win32-x86_64\bin\instrument.dll, loaded, initialized, instrumentlib options:none

dbghelp: loaded successfully - version: 4.0.5 - missing functions: none
symbol engine: initialized successfully - sym options: 0x614 - pdb path: .;c:\Users\ASUS\.vscode\extensions\redhat.java-1.54.0-win32-x64\jre\21.0.10-win32-x86_64\bin;C:\WINDOWS\SYSTEM32;C:\WINDOWS\WinSxS\amd64_microsoft.windows.common-controls_6595b64144ccf1df_6.0.26100.5074_none_3e0d6f78e32fd63f;c:\Users\ASUS\.vscode\extensions\redhat.java-1.54.0-win32-x64\jre\21.0.10-win32-x86_64\bin\server;C:\Users\ASUS\AppData\Roaming\Code\User\globalStorage\redhat.java\1.54.0\config_win\org.eclipse.equinox.launcher\org.eclipse.equinox.launcher.win32.win32.x86_64_1.3.0.v20260203-2149;C:\Users\ASUS\AppData\Local\Temp\jna-2018896

VM Arguments:
jvm_args: --add-modules=ALL-SYSTEM --add-opens=java.base/java.util=ALL-UNNAMED --add-opens=java.base/java.lang=ALL-UNNAMED --add-opens=java.base/sun.nio.fs=ALL-UNNAMED -Declipse.application=org.eclipse.jdt.ls.core.id1 -Dosgi.bundles.defaultStartLevel=4 -Declipse.product=org.eclipse.jdt.ls.core.product -Djava.import.generatesMetadataFilesAtProjectRoot=false -DDetectVMInstallationsJob.disabled=true -Dfile.encoding=utf8 -XX:+UseParallelGC -XX:GCTimeRatio=4 -XX:AdaptiveSizePolicyWeight=90 -Dsun.zip.disableMemoryMapping=true -Xmx2G -Xms100m -Xlog:disable -javaagent:c:\Users\ASUS\.vscode\extensions\redhat.java-1.54.0-win32-x64\lombok\lombok-1.18.39-4050.jar -XX:+HeapDumpOnOutOfMemoryError -XX:HeapDumpPath=c:\Users\ASUS\AppData\Roaming\Code\User\workspaceStorage\b27b7e920c87afff53f426e74c5aa323\redhat.java -Daether.dependencyCollector.impl=bf 
java_command: c:\Users\ASUS\.vscode\extensions\redhat.java-1.54.0-win32-x64\server\plugins\org.eclipse.equinox.launcher_1.7.100.v20251111-0406.jar -configuration c:\Users\ASUS\AppData\Roaming\Code\User\globalStorage\redhat.java\1.54.0\config_win -data c:\Users\ASUS\AppData\Roaming\Code\User\workspaceStorage\b27b7e920c87afff53f426e74c5aa323\redhat.java\jdt_ws --pipe=\\.\pipe\lsp-317c01a5f2e56307e2088eea18ded62b-sock
java_class_path (initial): c:\Users\ASUS\.vscode\extensions\redhat.java-1.54.0-win32-x64\server\plugins\org.eclipse.equinox.launcher_1.7.100.v20251111-0406.jar
Launcher Type: SUN_STANDARD

[Global flags]
    uintx AdaptiveSizePolicyWeight                 = 90                                        {product} {command line}
     intx CICompilerCount                          = 12                                        {product} {ergonomic}
    uintx GCTimeRatio                              = 4                                         {product} {command line}
     bool HeapDumpOnOutOfMemoryError               = true                                   {manageable} {command line}
    ccstr HeapDumpPath                             = c:\Users\ASUS\AppData\Roaming\Code\User\workspaceStorage\b27b7e920c87afff53f426e74c5aa323\redhat.java         {manageable} {command line}
   size_t InitialHeapSize                          = 104857600                                 {product} {command line}
   size_t MaxHeapSize                              = 2147483648                                {product} {command line}
   size_t MaxNewSize                               = 715653120                                 {product} {ergonomic}
   size_t MinHeapDeltaBytes                        = 524288                                    {product} {ergonomic}
   size_t MinHeapSize                              = 104857600                                 {product} {command line}
   size_t NewSize                                  = 34603008                                  {product} {ergonomic}
    uintx NonNMethodCodeHeapSize                   = 7602480                                {pd product} {ergonomic}
    uintx NonProfiledCodeHeapSize                  = 122027880                              {pd product} {ergonomic}
   size_t OldSize                                  = 70254592                                  {product} {ergonomic}
    uintx ProfiledCodeHeapSize                     = 122027880                              {pd product} {ergonomic}
    uintx ReservedCodeCacheSize                    = 251658240                              {pd product} {ergonomic}
     bool SegmentedCodeCache                       = true                                      {product} {ergonomic}
   size_t SoftMaxHeapSize                          = 2147483648                             {manageable} {ergonomic}
     bool UseCompressedOops                        = true                           {product lp64_product} {ergonomic}
     bool UseLargePagesIndividualAllocation        = false                                  {pd product} {ergonomic}
     bool UseParallelGC                            = true                                      {product} {command line}

Logging:
Log output configuration:
 #0: stdout all=off uptime,level,tags foldmultilines=false
 #1: stderr all=off uptime,level,tags foldmultilines=false

Release file:
JAVA_VERSION="21.0.10" 
MODULES="java.base java.compiler java.datatransfer java.xml java.prefs java.desktop java.instrument java.logging java.management java.security.sasl java.naming java.rmi java.management.rmi java.net.http java.scripting java.security.jgss java.transaction.xa java.sql java.sql.rowset java.xml.crypto java.se java.smartcardio jdk.accessibility jdk.internal.jvmstat jdk.attach jdk.charsets jdk.internal.opt jdk.zipfs jdk.compiler jdk.crypto.ec jdk.crypto.cryptoki jdk.crypto.mscapi jdk.dynalink jdk.internal.ed jdk.editpad jdk.hotspot.agent jdk.httpserver jdk.internal.le jdk.internal.vm.ci jdk.internal.vm.compiler jdk.internal.vm.compiler.management jdk.jartool jdk.javadoc jdk.jcmd jdk.management jdk.management.agent jdk.jconsole jdk.jdeps jdk.jdwp.agent jdk.jdi jdk.jfr jdk.jshell jdk.jsobject jdk.jstatd jdk.localedata jdk.management.jfr jdk.naming.dns jdk.naming.rmi jdk.net jdk.nio.mapmode jdk.random jdk.sctp jdk.security.auth jdk.security.jgss jdk.unsupported jdk.unsupported.desktop jdk.xml.dom" 

Environment Variables:
PATH=C:\Visaul Studio\Microsoft VS Code;C:\Program Files\Java\jdk-21.0.9+10\bin;C:\Program Files\Python313\Scripts\;C:\Program Files\Python313\;C:\Program Files (x86)\VMware\VMware Workstation\bin\;C:\WINDOWS\system32;C:\WINDOWS;C:\WINDOWS\System32\Wbem;C:\WINDOWS\System32\WindowsPowerShell\v1.0\;C:\WINDOWS\System32\OpenSSH\;C:\Program Files\NVIDIA Corporation\NVIDIA App\NvDLISR;C:\Program Files (x86)\NVIDIA Corporation\PhysX\Common;C:\Program Files\dotnet\;C:\php-8.4.7;C:\ProgramData\ComposerSetup\bin;C:\Program Files\nodejs\;C:\Program Files\Git\cmd;C:\Program Files\MongoDB\Server\8.2\bin;C:\Program Files\Java\jdk-25\;C:\ProgramData\chocolatey\bin;C:\Program Files\Microsoft SQL Server\150\Tools\Binn\;C:\Program Files\Microsoft SQL Server\Client SDK\ODBC\170\Tools\Binn\;C:\Program Files\Microsoft SQL Server\170\DTS\Binn\;C:\Users\ASUS\Downloads\flutter_windows_3.41.7-stable\flutter\bin;C:\flutter\bin;C:\flutter\bin\cache\dart-sdk;C:\Program Files\Docker\Docker\resources\bin;C:\Program Files\Java\jdk-21.0.9+10\bin;c:\Users\ASUS\AppData\Local\Programs\cursor\resources\app\codeBin;C:\Program Files\Java\jdk-21.0.9+10\bin;C:\Users\ASUS\AppData\Local\Microsoft\WindowsApps;C:\Visaul Studio\Microsoft VS Code\bin;C:\Users\ASUS\AppData\Local\Programs\Azure Data Studio\bin;C:\Program Files\Azure Data Studio\bin;C:\Users\ASUS\AppData\Local\GitHubDesktop\bin;C:\Users\ASUS\AppData\Roaming\Composer\vendor\bin;C:\Users\ASUS\AppData\Roaming\npm;C:\Program Files\mongosh\;C:\Program Files\IntelliJ IDEA 2025.2.3\bin;C:\Program Files (x86)\Microsoft Visual Studio\Shared\NuGetPackages\microsoft.visualstudio.javascript.sdk;C:\Program Files\Java\jdk-25\;C:\Users\ASUS\.dotnet\tools;C:\Users\ASUS\AppData\Local\Microsoft\WinGet\Links;C:\Users\ASUS\AppData\Local\Programs\Antigravity\bin;C:\Users\ASUS\AppData\Local\Programs\cursor\resources\app\bin;C:\flutter\bin;C:\flutter\bin\cache\dart-sdk;%JAVA_HOME%bin;C:\Users\ASUS\Downloads\OpenJDK21U-jdk_x64_windows_hotspot_21.0.11_10 (2)\OpenJDK21U-jdk_x64_windows_hotspot_21.0.11_10\jdk-21.0.11+10\bin;C:\Program Files\Java\jdk-21.0.9+10\bin;
USERNAME=ASUS
OS=Windows_NT
PROCESSOR_IDENTIFIER=AMD64 Family 25 Model 68 Stepping 1, AuthenticAMD
TMP=C:\Users\ASUS\AppData\Local\Temp
TEMP=C:\Users\ASUS\AppData\Local\Temp




Periodic native trim disabled

---------------  S Y S T E M  ---------------

OS:
 Windows 11 , 64 bit Build 26100 (10.0.26100.5074)
OS uptime: 0 days 0:34 hours
Hyper-V role detected

CPU: total 16 (initial active 16) (16 cores per cpu, 2 threads per core) family 25 model 68 stepping 1 microcode 0xa404107, cx8, cmov, fxsr, ht, mmx, 3dnowpref, sse, sse2, sse3, ssse3, sse4a, sse4.1, sse4.2, popcnt, lzcnt, tsc, tscinvbit, avx, avx2, aes, erms, clmul, bmi1, bmi2, adx, sha, fma, vzeroupper, clflush, clflushopt, hv, rdtscp, rdpid, fsrm, f16c, cet_ss
Processor Information for processor 0
  Max Mhz: 3100, Current Mhz: 3100, Mhz Limit: 3100
Processor Information for processor 1
  Max Mhz: 3100, Current Mhz: 2523, Mhz Limit: 3100
Processor Information for processor 2
  Max Mhz: 3100, Current Mhz: 2523, Mhz Limit: 3100
Processor Information for processor 3
  Max Mhz: 3100, Current Mhz: 2523, Mhz Limit: 3100
Processor Information for processor 4
  Max Mhz: 3100, Current Mhz: 2523, Mhz Limit: 3100
Processor Information for processor 5
  Max Mhz: 3100, Current Mhz: 2523, Mhz Limit: 3100
Processor Information for processor 6
  Max Mhz: 3100, Current Mhz: 3100, Mhz Limit: 3100
Processor Information for processor 7
  Max Mhz: 3100, Current Mhz: 3100, Mhz Limit: 3100
Processor Information for processor 8
  Max Mhz: 3100, Current Mhz: 2523, Mhz Limit: 3100
Processor Information for processor 9
  Max Mhz: 3100, Current Mhz: 2523, Mhz Limit: 3100
Processor Information for processor 10
  Max Mhz: 3100, Current Mhz: 3100, Mhz Limit: 3100
Processor Information for processor 11
  Max Mhz: 3100, Current Mhz: 3100, Mhz Limit: 3100
Processor Information for processor 12
  Max Mhz: 3100, Current Mhz: 2523, Mhz Limit: 3100
Processor Information for processor 13
  Max Mhz: 3100, Current Mhz: 2523, Mhz Limit: 3100
Processor Information for processor 14
  Max Mhz: 3100, Current Mhz: 2523, Mhz Limit: 3100
Processor Information for processor 15
  Max Mhz: 3100, Current Mhz: 2523, Mhz Limit: 3100

Memory: 4k page, system-wide physical 8010M (482M free)
TotalPageFile size 24394M (AvailPageFile size 3M)
current process WorkingSet (physical memory assigned to process): 650M, peak: 832M
current process commit charge ("private bytes"): 1613M, peak: 1622M

vm_info: OpenJDK 64-Bit Server VM (21.0.10+7-LTS) for windows-amd64 JRE (21.0.10+7-LTS), built on 2026-01-20T00:00:00Z by "admin" with MS VC++ 17.12 (VS2022)

END.
